segment,timestamp_sec,face_count,head_count,head_up_rate
head_detect_seg000,0.0,14,25,0.5200
head_detect_seg000,1.0,11,24,0.4583
head_detect_seg000,2.0,7,23,0.3043
head_detect_seg000,3.0,13,26,0.5000
head_detect_seg000,4.0,12,25,0.4400
head_detect_seg000,5.0,11,25,0.4400
head_detect_seg000,6.0,10,28,0.3571
head_detect_seg000,7.0,14,26,0.4615
head_detect_seg000,8.0,14,28,0.5000
head_detect_seg000,9.0,14,24,0.5833
head_detect_seg000,10.0,13,23,0.5217
head_detect_seg000,11.0,15,21,0.5714
head_detect_seg000,12.0,15,24,0.6250
head_detect_seg000,13.0,15,21,0.5238
head_detect_seg000,14.0,13,22,0.5455
head_detect_seg000,15.0,12,21,0.5714
head_detect_seg000,16.0,12,21,0.5714
head_detect_seg000,17.0,13,19,0.6842
head_detect_seg000,18.0,14,21,0.6190
head_detect_seg000,19.0,18,23,0.6522
head_detect_seg000,20.0,16,23,0.6087
head_detect_seg000,21.0,15,27,0.5185
head_detect_seg000,22.0,17,27,0.5185
head_detect_seg000,23.0,17,26,0.6154
head_detect_seg000,24.0,14,24,0.5833
head_detect_seg000,25.0,16,26,0.5769
head_detect_seg000,26.0,12,26,0.4615
head_detect_seg000,27.0,12,23,0.4783
head_detect_seg000,28.0,12,22,0.5455
head_detect_seg000,29.0,10,21,0.4762
head_detect_seg000,30.0,15,21,0.6190
head_detect_seg000,31.0,11,21,0.4762
head_detect_seg000,32.0,9,26,0.3462
head_detect_seg000,33.0,9,24,0.3750
head_detect_seg000,34.0,10,25,0.4000
head_detect_seg000,35.0,13,24,0.4583
head_detect_seg000,36.0,14,24,0.5833
head_detect_seg000,37.0,12,25,0.4800
head_detect_seg000,38.0,13,22,0.5455
head_detect_seg000,39.0,15,24,0.5833
head_detect_seg000,40.0,13,23,0.5652
head_detect_seg000,41.0,11,25,0.4400
head_detect_seg000,42.0,13,23,0.4783
head_detect_seg000,43.0,13,25,0.4800
head_detect_seg000,44.0,11,24,0.4583
head_detect_seg000,45.0,11,19,0.5263
head_detect_seg000,46.0,12,23,0.5217
head_detect_seg000,47.0,9,20,0.4500
head_detect_seg000,48.0,11,24,0.4167
head_detect_seg000,49.0,9,22,0.4091
head_detect_seg000,50.1,9,21,0.3810
head_detect_seg000,51.1,8,23,0.3478
head_detect_seg000,52.1,5,19,0.2632
head_detect_seg000,53.1,8,21,0.3810
head_detect_seg000,54.1,11,20,0.5500
head_detect_seg000,55.1,9,22,0.4091
head_detect_seg000,56.1,10,23,0.4348
head_detect_seg000,57.1,11,23,0.4783
head_detect_seg000,58.1,14,23,0.5652
head_detect_seg000,59.1,10,25,0.4000
head_detect_seg000,60.1,7,25,0.2800
head_detect_seg000,61.1,11,23,0.4783
head_detect_seg000,62.1,15,24,0.6250
head_detect_seg000,63.1,8,20,0.4000
head_detect_seg000,64.1,11,24,0.4583
head_detect_seg000,65.1,8,25,0.3200
head_detect_seg000,66.1,12,24,0.5000
head_detect_seg000,67.1,10,25,0.4000
head_detect_seg000,68.1,10,26,0.3846
head_detect_seg000,69.1,11,24,0.4583
head_detect_seg000,70.1,10,23,0.4348
head_detect_seg000,71.1,12,22,0.5000
head_detect_seg000,72.1,14,24,0.5417
head_detect_seg000,73.1,8,26,0.3077
head_detect_seg000,74.1,5,24,0.2083
head_detect_seg000,75.1,9,25,0.3600
head_detect_seg000,76.1,9,26,0.3462
head_detect_seg000,77.1,11,23,0.4783
head_detect_seg000,78.1,9,25,0.3600
head_detect_seg000,79.1,13,24,0.5417
head_detect_seg000,80.1,8,24,0.3333
head_detect_seg000,81.1,10,24,0.4167
head_detect_seg000,82.1,11,24,0.4583
head_detect_seg000,83.1,13,25,0.4800
head_detect_seg000,84.1,14,27,0.4815
head_detect_seg000,85.1,13,23,0.5217
head_detect_seg000,86.1,16,24,0.5417
head_detect_seg000,87.1,13,23,0.4348
head_detect_seg000,88.1,14,29,0.4483
head_detect_seg000,89.1,15,28,0.4643
head_detect_seg000,90.1,18,26,0.6154
head_detect_seg000,91.1,15,25,0.5200
head_detect_seg000,92.1,13,27,0.4815
head_detect_seg000,93.1,17,25,0.6800
head_detect_seg000,94.1,10,27,0.3704
head_detect_seg000,95.1,9,24,0.3750
head_detect_seg000,96.1,12,29,0.3793
head_detect_seg000,97.1,10,25,0.4000
head_detect_seg000,98.1,9,25,0.3600
head_detect_seg000,99.1,6,24,0.2500
head_detect_seg000,100.1,11,29,0.3448
head_detect_seg000,101.1,10,26,0.3846
head_detect_seg000,102.1,12,27,0.4074
head_detect_seg000,103.1,11,29,0.3793
head_detect_seg000,104.1,14,29,0.4828
head_detect_seg000,105.1,13,27,0.4444
head_detect_seg000,106.1,13,26,0.3462
head_detect_seg000,107.1,13,28,0.4286
head_detect_seg000,108.1,10,27,0.2963
head_detect_seg000,109.1,13,28,0.4286
head_detect_seg000,110.1,14,27,0.4444
head_detect_seg000,111.1,14,26,0.4231
head_detect_seg000,112.1,15,27,0.5185
head_detect_seg000,113.1,15,28,0.5000
head_detect_seg000,114.1,11,27,0.4074
head_detect_seg000,115.1,12,29,0.4138
head_detect_seg000,116.1,14,30,0.4333
head_detect_seg000,117.1,13,27,0.4444
head_detect_seg000,118.1,14,26,0.4615
head_detect_seg000,119.1,15,29,0.4483
head_detect_seg000,120.1,14,28,0.4286
head_detect_seg000,121.1,13,27,0.4815
head_detect_seg000,122.1,13,25,0.4800
head_detect_seg000,123.1,14,28,0.5000
head_detect_seg000,124.1,14,27,0.4815
head_detect_seg001,0.0,9,27,0.3333
head_detect_seg001,1.0,10,27,0.3333
head_detect_seg001,2.0,14,26,0.5000
head_detect_seg001,3.0,13,27,0.4815
head_detect_seg001,4.0,14,27,0.5185
head_detect_seg001,5.0,13,27,0.4815
head_detect_seg001,6.0,13,26,0.4615
head_detect_seg001,7.0,15,27,0.5185
head_detect_seg001,8.0,14,25,0.4800
head_detect_seg001,9.0,14,27,0.4444
head_detect_seg001,10.0,15,26,0.5769
head_detect_seg001,11.0,17,25,0.5600
head_detect_seg001,12.0,19,26,0.6538
head_detect_seg001,13.0,18,28,0.6071
head_detect_seg001,14.0,16,30,0.5000
head_detect_seg001,15.0,16,28,0.5357
head_detect_seg001,16.0,19,29,0.5517
head_detect_seg001,17.0,14,29,0.4483
head_detect_seg001,18.0,15,28,0.5357
head_detect_seg001,19.0,18,26,0.6154
head_detect_seg001,20.0,15,26,0.5385
head_detect_seg001,21.0,11,30,0.3667
head_detect_seg001,22.0,12,28,0.4286
head_detect_seg001,23.0,13,21,0.5238
head_detect_seg001,24.0,17,23,0.6957
head_detect_seg001,25.0,17,24,0.5833
head_detect_seg001,26.0,11,21,0.4762
head_detect_seg001,27.0,14,23,0.5217
head_detect_seg001,28.0,9,22,0.3636
head_detect_seg001,29.0,10,26,0.3462
head_detect_seg001,30.0,16,25,0.6000
head_detect_seg001,31.0,10,27,0.3704
head_detect_seg001,32.0,14,27,0.4444
head_detect_seg001,33.0,9,28,0.3214
head_detect_seg001,34.0,11,29,0.3448
head_detect_seg001,35.0,12,28,0.3929
head_detect_seg001,36.0,10,28,0.3571
head_detect_seg001,37.0,11,27,0.4074
head_detect_seg001,38.0,11,29,0.3793
head_detect_seg001,39.0,11,25,0.4000
head_detect_seg001,40.0,14,27,0.4815
head_detect_seg001,41.0,12,30,0.4000
head_detect_seg001,42.0,15,31,0.4194
head_detect_seg001,43.0,12,29,0.4138
head_detect_seg001,44.0,13,27,0.4815
head_detect_seg001,45.0,13,26,0.5000
head_detect_seg001,46.0,13,28,0.4643
head_detect_seg001,47.0,11,30,0.3333
head_detect_seg001,48.0,14,32,0.4062
head_detect_seg001,49.0,14,30,0.4333
head_detect_seg001,50.1,16,26,0.5385
head_detect_seg001,51.1,14,26,0.4615
head_detect_seg001,52.1,14,26,0.4615
head_detect_seg001,53.1,18,29,0.5862
head_detect_seg001,54.1,17,28,0.6071
head_detect_seg001,55.1,21,26,0.6538
head_detect_seg001,56.1,19,29,0.6207
head_detect_seg001,57.1,19,26,0.6538
head_detect_seg001,58.1,16,26,0.5000
head_detect_seg001,59.1,16,27,0.5556
head_detect_seg001,60.1,13,28,0.4286
head_detect_seg001,61.1,15,30,0.5000
head_detect_seg001,62.1,16,25,0.5200
head_detect_seg001,63.1,14,24,0.5000
head_detect_seg001,64.1,15,26,0.5385
head_detect_seg001,65.1,12,27,0.4074
head_detect_seg001,66.1,13,27,0.4444
head_detect_seg001,67.1,13,27,0.4074
head_detect_seg001,68.1,17,27,0.5185
head_detect_seg001,69.1,17,27,0.5556
head_detect_seg001,70.1,18,27,0.5556
head_detect_seg001,71.1,18,25,0.6000
head_detect_seg001,72.1,19,24,0.6250
head_detect_seg001,73.1,16,25,0.5200
head_detect_seg001,74.1,15,26,0.4615
head_detect_seg001,75.1,16,27,0.5185
head_detect_seg001,76.1,17,26,0.6154
head_detect_seg001,77.1,13,24,0.5000
head_detect_seg001,78.1,14,25,0.5200
head_detect_seg001,79.1,18,25,0.6000
head_detect_seg001,80.1,16,27,0.5556
head_detect_seg001,81.1,15,25,0.5200
head_detect_seg001,82.1,16,27,0.5556
head_detect_seg001,83.1,15,27,0.5185
head_detect_seg001,84.1,14,25,0.5600
head_detect_seg001,85.1,15,27,0.5556
head_detect_seg001,86.1,15,26,0.5769
head_detect_seg001,87.1,12,25,0.4800
head_detect_seg001,88.1,15,26,0.5769
head_detect_seg001,89.1,12,28,0.4286
head_detect_seg001,90.1,11,28,0.3929
head_detect_seg001,91.1,15,28,0.5357
head_detect_seg001,92.1,15,28,0.5000
head_detect_seg001,93.1,17,27,0.5556
head_detect_seg001,94.1,13,27,0.4444
head_detect_seg001,95.1,17,25,0.6000
head_detect_seg001,96.1,12,29,0.3448
head_detect_seg001,97.1,12,26,0.4231
head_detect_seg001,98.1,15,25,0.5200
head_detect_seg001,99.1,11,25,0.4000
head_detect_seg001,100.1,12,26,0.3846
head_detect_seg001,101.1,13,28,0.4286
head_detect_seg001,102.1,14,27,0.4815
head_detect_seg001,103.1,11,25,0.4000
head_detect_seg001,104.1,12,25,0.4800
head_detect_seg001,105.1,13,27,0.4444
head_detect_seg001,106.1,14,25,0.5200
head_detect_seg001,107.1,13,23,0.4783
head_detect_seg001,108.1,13,26,0.4231
head_detect_seg001,109.1,9,27,0.3333
head_detect_seg001,110.1,8,27,0.2963
head_detect_seg001,111.1,12,25,0.4000
head_detect_seg001,112.1,15,25,0.5600
head_detect_seg001,113.1,11,29,0.3793
head_detect_seg001,114.1,14,26,0.5385
head_detect_seg001,115.1,13,26,0.4615
head_detect_seg001,116.1,11,24,0.3750
head_detect_seg002,0.0,13,26,0.4615
head_detect_seg002,1.0,13,29,0.4138
head_detect_seg002,2.0,15,23,0.5652
head_detect_seg002,3.0,17,23,0.6522
head_detect_seg002,4.0,15,25,0.5200
head_detect_seg002,5.0,16,25,0.5600
head_detect_seg002,6.0,15,26,0.5385
head_detect_seg002,7.0,15,28,0.5357
head_detect_seg002,8.0,14,27,0.5185
head_detect_seg002,9.0,17,27,0.5926
head_detect_seg002,10.0,16,26,0.6154
head_detect_seg002,11.0,18,24,0.7083
head_detect_seg002,12.0,17,28,0.6071
head_detect_seg002,13.0,17,28,0.6071
head_detect_seg002,14.0,17,26,0.6154
head_detect_seg002,15.0,17,25,0.6400
head_detect_seg002,16.0,20,27,0.7037
head_detect_seg002,17.0,17,26,0.6154
head_detect_seg002,18.0,18,25,0.6400
head_detect_seg002,19.0,18,25,0.6800
head_detect_seg002,20.0,16,26,0.5769
head_detect_seg002,21.0,16,26,0.5769
head_detect_seg002,22.0,14,26,0.5000
head_detect_seg002,23.0,15,29,0.4828
head_detect_seg002,24.0,16,24,0.6250
head_detect_seg002,25.0,17,25,0.6400
head_detect_seg002,26.0,16,29,0.5517
head_detect_seg002,27.0,18,30,0.5667
head_detect_seg002,28.0,13,28,0.4286
head_detect_seg002,29.0,14,26,0.5000
head_detect_seg002,30.0,17,24,0.6250
head_detect_seg002,31.0,16,25,0.6000
head_detect_seg002,32.0,12,27,0.4444
head_detect_seg002,33.0,11,26,0.4231
head_detect_seg002,34.0,10,23,0.4348
head_detect_seg002,35.0,13,25,0.5200
head_detect_seg002,36.0,14,24,0.5833
head_detect_seg002,37.0,13,25,0.5200
head_detect_seg002,38.0,14,26,0.5385
head_detect_seg002,39.0,13,25,0.4800
head_detect_seg002,40.0,13,27,0.4074
head_detect_seg002,41.0,17,24,0.6250
head_detect_seg002,42.0,19,23,0.7391
head_detect_seg002,43.0,17,19,0.7895
head_detect_seg002,44.0,18,23,0.6957
head_detect_seg002,45.0,13,20,0.6000
head_detect_seg002,46.0,13,22,0.5455
head_detect_seg002,47.0,14,22,0.5909
head_detect_seg002,48.0,16,21,0.6667
head_detect_seg002,49.0,19,22,0.7727
head_detect_seg002,50.1,16,25,0.6000
head_detect_seg002,51.1,16,24,0.6250
head_detect_seg002,52.1,18,24,0.7083
head_detect_seg002,53.1,16,25,0.6000
head_detect_seg002,54.1,14,24,0.5417
head_detect_seg002,55.1,14,24,0.5417
head_detect_seg002,56.1,15,25,0.5600
head_detect_seg002,57.1,13,27,0.4444
head_detect_seg002,58.1,17,24,0.5417
head_detect_seg002,59.1,17,26,0.6154
head_detect_seg002,60.1,11,25,0.4400
head_detect_seg002,61.1,12,24,0.4167
head_detect_seg002,62.1,13,24,0.5417
head_detect_seg002,63.1,13,27,0.4815
head_detect_seg002,64.1,15,26,0.5385
head_detect_seg002,65.1,14,27,0.4815
head_detect_seg002,66.1,8,21,0.3810
head_detect_seg002,67.1,15,22,0.5909
head_detect_seg002,68.1,17,23,0.6957
head_detect_seg002,69.1,17,24,0.6250
head_detect_seg002,70.1,13,24,0.5417
head_detect_seg002,71.1,14,23,0.6087
head_detect_seg002,72.1,12,23,0.5217
head_detect_seg002,73.1,15,23,0.6522
head_detect_seg002,74.1,15,24,0.6250
head_detect_seg002,75.1,14,25,0.5600
head_detect_seg002,76.1,12,26,0.4615
head_detect_seg002,77.1,13,25,0.5200
head_detect_seg002,78.1,15,26,0.5769
head_detect_seg002,79.1,13,27,0.4815
head_detect_seg002,80.1,14,26,0.5000
head_detect_seg002,81.1,14,26,0.5385
head_detect_seg002,82.1,18,26,0.6538
head_detect_seg002,83.1,13,23,0.5652
head_detect_seg002,84.1,13,25,0.5200
head_detect_seg002,85.1,14,25,0.5600
head_detect_seg002,86.1,20,27,0.5926
head_detect_seg002,87.1,16,28,0.5357
head_detect_seg002,88.1,9,24,0.3750
head_detect_seg002,89.1,13,24,0.5000
head_detect_seg002,90.1,10,26,0.3846
head_detect_seg002,91.1,8,27,0.2963
head_detect_seg002,92.1,11,25,0.4400
head_detect_seg002,93.1,10,25,0.4000
head_detect_seg002,94.1,8,22,0.3636
head_detect_seg002,95.1,7,25,0.2800
head_detect_seg002,96.1,11,26,0.4231
head_detect_seg002,97.1,12,19,0.5789
head_detect_seg002,98.1,9,17,0.4706
head_detect_seg002,99.1,11,16,0.6250
head_detect_seg002,100.1,10,22,0.4545
head_detect_seg002,101.1,14,25,0.4800
head_detect_seg002,102.1,12,24,0.4583
head_detect_seg002,103.1,14,27,0.5185
head_detect_seg002,104.1,12,25,0.4800
head_detect_seg002,105.1,10,22,0.4545
head_detect_seg002,106.1,12,25,0.4800
head_detect_seg002,107.1,14,20,0.6500
head_detect_seg002,108.1,15,20,0.7000
head_detect_seg002,109.1,14,28,0.4643
head_detect_seg002,110.1,14,25,0.5200
head_detect_seg002,111.1,14,23,0.6087
head_detect_seg002,112.1,13,24,0.5417
head_detect_seg002,113.1,14,26,0.5385
head_detect_seg002,114.1,17,27,0.5926
head_detect_seg002,115.1,10,26,0.3846
head_detect_seg002,116.1,14,21,0.6190
head_detect_seg002,117.1,10,19,0.5263
head_detect_seg002,118.1,12,24,0.3333
head_detect_seg002,119.1,15,26,0.5385
head_detect_seg002,120.1,16,26,0.5385
head_detect_seg002,121.1,13,21,0.5714
head_detect_seg002,122.1,15,23,0.5652
head_detect_seg002,123.1,15,24,0.5417
head_detect_seg002,124.1,14,27,0.5185
head_detect_seg003,0.0,12,22,0.5000
head_detect_seg003,1.0,14,27,0.4444
head_detect_seg003,2.0,17,25,0.5600
head_detect_seg003,3.0,17,30,0.5333
head_detect_seg003,4.0,20,25,0.6800
head_detect_seg003,5.0,13,25,0.5200
head_detect_seg003,6.0,14,27,0.5185
head_detect_seg003,7.0,14,25,0.5200
head_detect_seg003,8.0,14,25,0.5600
head_detect_seg003,9.0,17,24,0.6667
head_detect_seg003,10.0,13,26,0.4615
head_detect_seg003,11.0,14,25,0.4800
head_detect_seg003,12.0,11,23,0.4348
head_detect_seg003,13.0,12,24,0.4167
head_detect_seg003,14.0,11,24,0.4583
head_detect_seg003,15.0,12,23,0.4348
head_detect_seg003,16.0,13,25,0.4000
head_detect_seg003,17.0,11,22,0.4091
head_detect_seg003,18.0,10,26,0.3077
head_detect_seg003,19.0,13,23,0.4783
head_detect_seg003,20.0,12,24,0.4167
head_detect_seg003,21.0,9,25,0.3200
head_detect_seg003,22.0,10,27,0.3704
head_detect_seg003,23.0,8,27,0.2222
head_detect_seg003,24.0,10,27,0.3704
head_detect_seg003,25.0,12,24,0.5000
head_detect_seg003,26.0,10,27,0.3704
head_detect_seg003,27.0,16,30,0.5333
head_detect_seg003,28.0,9,27,0.3333
head_detect_seg003,29.0,12,28,0.3929
head_detect_seg003,30.0,11,25,0.4400
head_detect_seg003,31.0,12,22,0.5000
head_detect_seg003,32.0,16,23,0.6087
head_detect_seg003,33.0,17,23,0.6957
head_detect_seg003,34.0,16,24,0.6250
head_detect_seg003,35.0,15,24,0.5417
head_detect_seg003,36.0,15,24,0.6250
head_detect_seg003,37.0,18,23,0.6957
head_detect_seg003,38.0,17,26,0.6538
head_detect_seg003,39.0,16,27,0.5185
head_detect_seg003,40.0,11,23,0.4783
head_detect_seg003,41.0,15,24,0.5417
head_detect_seg003,42.0,17,23,0.6522
head_detect_seg003,43.0,12,23,0.5217
head_detect_seg003,44.0,15,23,0.6522
head_detect_seg003,45.0,14,25,0.5600
head_detect_seg003,46.0,14,21,0.6190
head_detect_seg003,47.0,10,23,0.4348
head_detect_seg003,48.0,10,23,0.4348
head_detect_seg003,49.0,12,20,0.5000
head_detect_seg003,50.1,12,21,0.4762
head_detect_seg003,51.1,11,21,0.4762
head_detect_seg003,52.1,11,21,0.5238
head_detect_seg003,53.1,12,24,0.4583
head_detect_seg003,54.1,11,23,0.4348
head_detect_seg003,55.1,11,24,0.4167
head_detect_seg003,56.1,15,25,0.5200
head_detect_seg003,57.1,17,25,0.5600
head_detect_seg003,58.1,13,23,0.5652
head_detect_seg003,59.1,14,26,0.5000
head_detect_seg003,60.1,11,24,0.4583
head_detect_seg003,61.1,12,24,0.4583
head_detect_seg003,62.1,11,25,0.4400
head_detect_seg003,63.1,15,23,0.6087
head_detect_seg003,64.1,13,26,0.4615
head_detect_seg003,65.1,9,25,0.3600
head_detect_seg003,66.1,10,26,0.3846
head_detect_seg003,67.1,11,26,0.3462
head_detect_seg003,68.1,11,25,0.4000
head_detect_seg003,69.1,15,29,0.5172
head_detect_seg003,70.1,12,23,0.4783
head_detect_seg003,71.1,11,24,0.4167
head_detect_seg003,72.1,10,20,0.5000
head_detect_seg003,73.1,12,22,0.5455
head_detect_seg003,74.1,10,24,0.3750
head_detect_seg003,75.1,12,28,0.4286
head_detect_seg003,76.1,11,26,0.3846
head_detect_seg003,77.1,9,26,0.3077
head_detect_seg003,78.1,13,26,0.5000
head_detect_seg003,79.1,10,24,0.4167
head_detect_seg003,80.1,10,23,0.3913
head_detect_seg003,81.1,13,22,0.5455
head_detect_seg003,82.1,12,19,0.5789
head_detect_seg003,83.1,12,21,0.4762
head_detect_seg003,84.1,14,25,0.4800
head_detect_seg003,85.1,11,21,0.5238
head_detect_seg003,86.1,12,21,0.5238
head_detect_seg003,87.1,12,24,0.4583
head_detect_seg003,88.1,10,21,0.3810
head_detect_seg003,89.1,13,24,0.5000
head_detect_seg003,90.1,15,23,0.6087
head_detect_seg003,91.1,13,24,0.5000
head_detect_seg003,92.1,14,25,0.5600
head_detect_seg003,93.1,13,23,0.5652
head_detect_seg003,94.1,8,21,0.3810
head_detect_seg003,95.1,11,22,0.4091
head_detect_seg003,96.1,10,24,0.3750
head_detect_seg003,97.1,9,25,0.3600
head_detect_seg003,98.1,11,25,0.4400
head_detect_seg003,99.1,12,26,0.4615
head_detect_seg003,100.1,10,28,0.3571
head_detect_seg003,101.1,13,25,0.4800
head_detect_seg003,102.1,11,27,0.4074
head_detect_seg003,103.1,10,26,0.3846
head_detect_seg003,104.1,10,24,0.3750
head_detect_seg003,105.1,14,24,0.5000
head_detect_seg003,106.1,13,25,0.4400
head_detect_seg003,107.1,10,24,0.3750
head_detect_seg003,108.1,10,27,0.3704
head_detect_seg003,109.1,13,23,0.4783
head_detect_seg003,110.1,10,22,0.4545
head_detect_seg003,111.1,8,22,0.3182
head_detect_seg003,112.1,12,26,0.4231
head_detect_seg003,113.1,10,26,0.3846
head_detect_seg003,114.1,11,24,0.4583
head_detect_seg003,115.1,8,25,0.3200
head_detect_seg003,116.1,11,20,0.5000
head_detect_seg004,0.0,12,19,0.5789
head_detect_seg004,1.0,11,24,0.4583
head_detect_seg004,2.0,12,22,0.5000
head_detect_seg004,3.0,9,24,0.3750
head_detect_seg004,4.0,6,25,0.2400
head_detect_seg004,5.0,9,24,0.3750
head_detect_seg004,6.0,11,27,0.3704
head_detect_seg004,7.0,12,23,0.5217
head_detect_seg004,8.0,13,26,0.4615
head_detect_seg004,9.0,12,22,0.5000
head_detect_seg004,10.0,13,23,0.5217
head_detect_seg004,11.0,13,22,0.5909
head_detect_seg004,12.0,11,24,0.4583
head_detect_seg004,13.0,11,24,0.4583
head_detect_seg004,14.0,13,25,0.4400
head_detect_seg004,15.0,13,24,0.5000
head_detect_seg004,16.0,11,25,0.4000
head_detect_seg004,17.0,17,23,0.6087
head_detect_seg004,18.0,14,24,0.5417
head_detect_seg004,19.0,13,24,0.5000
head_detect_seg004,20.0,13,23,0.5217
head_detect_seg004,21.0,12,25,0.4000
head_detect_seg004,22.0,9,23,0.3478
head_detect_seg004,23.0,12,24,0.4583
head_detect_seg004,24.0,12,24,0.4167
head_detect_seg004,25.0,13,24,0.5000
head_detect_seg004,26.0,9,24,0.3750
head_detect_seg004,27.0,9,25,0.3600
head_detect_seg004,28.0,11,23,0.4783
head_detect_seg004,29.0,13,26,0.5000
head_detect_seg004,30.0,13,27,0.4815
head_detect_seg004,31.0,13,26,0.4615
head_detect_seg004,32.0,14,24,0.4167
head_detect_seg004,33.0,15,20,0.6000
head_detect_seg004,34.0,12,24,0.4583
head_detect_seg004,35.0,8,26,0.2692
head_detect_seg004,36.0,10,21,0.4762
head_detect_seg004,37.0,14,23,0.6087
head_detect_seg004,38.0,13,23,0.5217
head_detect_seg004,39.0,10,25,0.4000
head_detect_seg004,40.0,10,26,0.3846
head_detect_seg004,41.0,14,23,0.5652
head_detect_seg004,42.0,13,28,0.4286
head_detect_seg004,43.0,14,24,0.5417
head_detect_seg004,44.0,11,24,0.4167
head_detect_seg004,45.0,8,25,0.3200
head_detect_seg004,46.0,14,24,0.5833
head_detect_seg004,47.0,12,23,0.5217
head_detect_seg004,48.0,11,26,0.3846
head_detect_seg004,49.0,11,25,0.4400
head_detect_seg004,50.1,13,26,0.4615
head_detect_seg004,51.1,12,23,0.5217
head_detect_seg004,52.1,9,22,0.4091
head_detect_seg004,53.1,12,22,0.5455
head_detect_seg004,54.1,13,26,0.5000
head_detect_seg004,55.1,12,25,0.4800
head_detect_seg004,56.1,16,25,0.5200
head_detect_seg004,57.1,14,26,0.5385
head_detect_seg004,58.1,12,26,0.4615
head_detect_seg004,59.1,14,29,0.4828
head_detect_seg004,60.1,13,25,0.5200
head_detect_seg004,61.1,9,25,0.3600
head_detect_seg004,62.1,9,27,0.3333
head_detect_seg004,63.1,11,25,0.4000
head_detect_seg004,64.1,11,25,0.4400
head_detect_seg004,65.1,12,26,0.4615
head_detect_seg004,66.1,13,27,0.4815
head_detect_seg004,67.1,15,27,0.5556
head_detect_seg004,68.1,14,27,0.5185
head_detect_seg004,69.1,13,28,0.4643
head_detect_seg004,70.1,17,27,0.5926
head_detect_seg004,71.1,14,27,0.5185
head_detect_seg004,72.1,17,27,0.6296
head_detect_seg004,73.1,17,26,0.6154
head_detect_seg004,74.1,15,25,0.6000
head_detect_seg004,75.1,17,27,0.6296
head_detect_seg004,76.1,18,28,0.6429
head_detect_seg004,77.1,13,30,0.4333
head_detect_seg004,78.1,12,25,0.4400
head_detect_seg004,79.1,17,28,0.5357
head_detect_seg004,80.1,16,27,0.5556
head_detect_seg004,81.1,16,28,0.5357
head_detect_seg004,82.1,12,29,0.4138
head_detect_seg004,83.1,14,27,0.5185
head_detect_seg004,84.1,11,29,0.3448
head_detect_seg004,85.1,12,26,0.4615
head_detect_seg004,86.1,13,26,0.5000
head_detect_seg004,87.1,15,25,0.6000
head_detect_seg004,88.1,15,26,0.5385
head_detect_seg004,89.1,14,25,0.5600
head_detect_seg004,90.1,15,23,0.6522
head_detect_seg004,91.1,14,25,0.5600
head_detect_seg004,92.1,15,23,0.6522
head_detect_seg004,93.1,12,21,0.5714
head_detect_seg004,94.1,12,20,0.5500
head_detect_seg004,95.1,14,26,0.5385
head_detect_seg004,96.1,14,25,0.5600
head_detect_seg004,97.1,14,26,0.5000
head_detect_seg004,98.1,12,27,0.4444
head_detect_seg004,99.1,11,23,0.4783
head_detect_seg004,100.1,9,24,0.3750
head_detect_seg004,101.1,12,25,0.4800
head_detect_seg004,102.1,11,28,0.3571
head_detect_seg004,103.1,12,27,0.4444
head_detect_seg004,104.1,11,27,0.4074
head_detect_seg004,105.1,11,26,0.4231
head_detect_seg004,106.1,10,27,0.3704
head_detect_seg004,107.1,9,25,0.3200
head_detect_seg004,108.1,11,26,0.4231
head_detect_seg004,109.1,13,27,0.4815
head_detect_seg004,110.1,11,23,0.4783
head_detect_seg004,111.1,11,23,0.4348
head_detect_seg004,112.1,10,25,0.4000
head_detect_seg004,113.1,11,23,0.4783
head_detect_seg004,114.1,14,29,0.4483
head_detect_seg004,115.1,16,27,0.5556
head_detect_seg004,116.1,16,26,0.6154
head_detect_seg005,0.0,15,26,0.5769
head_detect_seg005,1.0,18,24,0.7083
head_detect_seg005,2.0,14,25,0.5600
head_detect_seg005,3.0,12,25,0.4800
head_detect_seg005,4.0,14,25,0.5600
head_detect_seg005,5.0,14,24,0.5833
head_detect_seg005,6.0,16,25,0.6000
head_detect_seg005,7.0,17,24,0.7083
head_detect_seg005,8.0,13,23,0.5652
head_detect_seg005,9.0,12,24,0.5000
head_detect_seg005,10.0,13,24,0.5417
head_detect_seg005,11.0,14,23,0.5652
head_detect_seg005,12.0,12,23,0.5217
head_detect_seg005,13.0,16,22,0.6364
head_detect_seg005,14.0,14,21,0.6190
head_detect_seg005,15.0,18,25,0.6800
head_detect_seg005,16.0,14,24,0.5833
head_detect_seg005,17.0,14,25,0.5600
head_detect_seg005,18.0,13,24,0.5417
head_detect_seg005,19.0,13,25,0.4800
head_detect_seg005,20.0,15,28,0.5000
head_detect_seg005,21.0,16,28,0.5000
head_detect_seg005,22.0,15,27,0.5185
head_detect_seg005,23.0,15,30,0.5000
head_detect_seg005,24.0,15,27,0.5556
head_detect_seg005,25.0,15,29,0.5172
head_detect_seg005,26.0,14,29,0.4828
head_detect_seg005,27.0,13,30,0.4333
head_detect_seg005,28.0,13,29,0.4483
head_detect_seg005,29.0,12,31,0.3871
head_detect_seg005,30.0,13,28,0.4286
head_detect_seg005,31.0,13,28,0.4643
head_detect_seg005,32.0,14,30,0.4667
head_detect_seg005,33.0,14,32,0.4062
head_detect_seg005,34.0,17,30,0.5333
head_detect_seg005,35.0,14,32,0.4375
head_detect_seg005,36.0,14,31,0.4516
head_detect_seg005,37.0,17,33,0.4848
head_detect_seg005,38.0,17,30,0.5333
head_detect_seg005,39.0,16,30,0.5333
head_detect_seg005,40.0,14,29,0.4828
head_detect_seg005,41.0,15,31,0.4839
head_detect_seg005,42.0,14,33,0.4242
head_detect_seg005,43.0,15,33,0.4545
head_detect_seg005,44.0,16,32,0.5000
head_detect_seg005,45.0,16,29,0.5517
head_detect_seg005,46.0,14,32,0.4375
head_detect_seg005,47.0,13,31,0.4194
head_detect_seg005,48.0,13,30,0.4333
head_detect_seg005,49.0,17,31,0.5161
head_detect_seg005,50.1,17,31,0.5484
head_detect_seg005,51.1,14,29,0.4828
head_detect_seg005,52.1,16,29,0.5517
head_detect_seg005,53.1,15,29,0.5172
head_detect_seg005,54.1,17,28,0.6071
head_detect_seg005,55.1,13,29,0.4483
head_detect_seg005,56.1,18,31,0.5806
head_detect_seg005,57.1,17,31,0.5484
head_detect_seg005,58.1,18,30,0.6000
head_detect_seg005,59.1,15,29,0.5172
head_detect_seg005,60.1,16,31,0.5161
head_detect_seg005,61.1,15,30,0.4667
head_detect_seg005,62.1,13,31,0.4194
head_detect_seg005,63.1,15,31,0.4839
head_detect_seg005,64.1,14,28,0.4643
head_detect_seg005,65.1,19,30,0.6000
head_detect_seg005,66.1,17,28,0.6071
head_detect_seg005,67.1,15,27,0.5556
head_detect_seg005,68.1,17,28,0.6071
head_detect_seg005,69.1,17,29,0.5862
head_detect_seg005,70.1,15,30,0.5000
head_detect_seg005,71.1,16,29,0.5517
head_detect_seg005,72.1,17,28,0.6071
head_detect_seg005,73.1,16,30,0.5333
head_detect_seg005,74.1,16,28,0.5357
head_detect_seg005,75.1,17,29,0.5517
head_detect_seg005,76.1,15,28,0.5357
head_detect_seg005,77.1,19,28,0.6071
head_detect_seg005,78.1,16,28,0.5714
head_detect_seg005,79.1,17,29,0.5862
head_detect_seg005,80.1,17,30,0.5667
head_detect_seg005,81.1,15,27,0.5556
head_detect_seg005,82.1,14,28,0.5000
head_detect_seg005,83.1,13,30,0.4333
head_detect_seg005,84.1,21,30,0.6667
head_detect_seg005,85.1,22,29,0.7586
head_detect_seg005,86.1,17,25,0.6400
head_detect_seg005,87.1,18,27,0.5926
head_detect_seg005,88.1,17,30,0.5667
head_detect_seg005,89.1,15,28,0.5000
head_detect_seg005,90.1,22,30,0.7000
head_detect_seg005,91.1,22,27,0.8148
head_detect_seg005,92.1,18,29,0.5862
head_detect_seg005,93.1,18,29,0.5862
head_detect_seg005,94.1,16,29,0.5172
head_detect_seg005,95.1,16,29,0.5172
head_detect_seg005,96.1,16,28,0.5714
head_detect_seg005,97.1,17,28,0.6071
head_detect_seg005,98.1,17,30,0.5333
head_detect_seg005,99.1,18,28,0.6429
head_detect_seg005,100.1,15,29,0.4828
head_detect_seg005,101.1,16,30,0.4667
head_detect_seg005,102.1,16,32,0.5000
head_detect_seg005,103.1,14,33,0.4242
head_detect_seg005,104.1,15,29,0.5172
head_detect_seg005,105.1,16,30,0.5333
head_detect_seg005,106.1,17,29,0.5862
head_detect_seg005,107.1,19,30,0.6000
head_detect_seg005,108.1,19,29,0.6552
head_detect_seg005,109.1,20,28,0.7143
head_detect_seg005,110.1,18,30,0.6000
head_detect_seg005,111.1,19,29,0.6207
head_detect_seg005,112.1,19,28,0.6786
head_detect_seg005,113.1,18,29,0.6207
head_detect_seg005,114.1,20,28,0.7143
head_detect_seg005,115.1,22,27,0.7778
head_detect_seg005,116.1,17,30,0.5667
head_detect_seg005,117.1,12,25,0.4800
head_detect_seg005,118.1,12,26,0.4615
head_detect_seg005,119.1,15,27,0.5556
head_detect_seg005,120.1,17,28,0.5714
head_detect_seg005,121.1,20,27,0.6667
head_detect_seg005,122.1,15,26,0.5385
head_detect_seg005,123.1,19,28,0.6429
head_detect_seg005,124.1,17,29,0.5517
head_detect_seg006,0.0,19,28,0.6429
head_detect_seg006,1.0,20,28,0.7143
head_detect_seg006,2.0,16,29,0.5517
head_detect_seg006,3.0,20,29,0.6552
head_detect_seg006,4.0,19,33,0.5152
head_detect_seg006,5.0,18,30,0.6000
head_detect_seg006,6.0,18,31,0.5806
head_detect_seg006,7.0,18,31,0.5806
head_detect_seg006,8.0,19,31,0.5806
head_detect_seg006,9.0,20,27,0.7037
head_detect_seg006,10.0,19,27,0.7037
head_detect_seg006,11.0,17,28,0.6071
head_detect_seg006,12.0,19,27,0.6667
head_detect_seg006,13.0,18,29,0.5517
head_detect_seg006,14.0,16,30,0.5000
head_detect_seg006,15.0,10,26,0.3846
head_detect_seg006,16.0,15,29,0.4828
head_detect_seg006,17.0,17,27,0.5926
head_detect_seg006,18.0,17,26,0.6538
head_detect_seg006,19.0,17,27,0.6296
head_detect_seg006,20.0,21,27,0.7037
head_detect_seg006,21.0,18,24,0.6667
head_detect_seg006,22.0,16,28,0.5357
head_detect_seg006,23.0,16,28,0.5714
head_detect_seg006,24.0,15,30,0.5000
head_detect_seg006,25.0,14,27,0.4815
head_detect_seg006,26.0,17,28,0.5714
head_detect_seg006,27.0,16,28,0.5714
head_detect_seg006,28.0,17,29,0.5517
head_detect_seg006,29.0,16,26,0.5385
head_detect_seg006,30.0,15,27,0.5185
head_detect_seg006,31.0,13,27,0.4815
head_detect_seg006,32.0,16,29,0.5517
head_detect_seg006,33.0,15,29,0.4828
head_detect_seg006,34.0,13,28,0.4286
head_detect_seg006,35.0,12,26,0.4615
head_detect_seg006,36.0,13,27,0.4815
head_detect_seg006,37.0,13,27,0.4815
head_detect_seg006,38.0,14,25,0.4800
head_detect_seg006,39.0,13,28,0.4643
head_detect_seg006,40.0,13,28,0.4286
head_detect_seg006,41.0,12,28,0.3929
head_detect_seg006,42.0,12,25,0.4800
head_detect_seg006,43.0,17,24,0.6250
head_detect_seg006,44.0,12,25,0.4800
head_detect_seg006,45.0,15,26,0.5000
head_detect_seg006,46.0,15,26,0.5000
head_detect_seg006,47.0,15,24,0.5833
head_detect_seg006,48.0,13,25,0.4800
head_detect_seg006,49.0,12,24,0.5000
head_detect_seg006,50.1,14,27,0.5185
head_detect_seg006,51.1,15,27,0.5556
head_detect_seg006,52.1,15,26,0.5385
head_detect_seg006,53.1,15,27,0.5185
head_detect_seg006,54.1,14,25,0.5600
head_detect_seg006,55.1,15,25,0.6000
head_detect_seg006,56.1,13,26,0.5000
head_detect_seg006,57.1,14,25,0.5600
head_detect_seg006,58.1,15,27,0.5185
head_detect_seg006,59.1,15,27,0.4815
head_detect_seg006,60.1,17,27,0.5926
head_detect_seg006,61.1,14,26,0.4615
head_detect_seg006,62.1,14,27,0.4815
head_detect_seg006,63.1,17,26,0.6154
head_detect_seg006,64.1,17,26,0.5769
head_detect_seg006,65.1,14,24,0.5833
head_detect_seg006,66.1,12,26,0.4615
head_detect_seg006,67.1,16,23,0.6522
head_detect_seg006,68.1,15,24,0.6250
head_detect_seg006,69.1,15,24,0.5833
head_detect_seg006,70.1,13,23,0.5217
head_detect_seg006,71.1,12,25,0.4400
head_detect_seg006,72.1,15,23,0.6087
head_detect_seg006,73.1,15,24,0.5833
head_detect_seg006,74.1,14,26,0.5000
head_detect_seg006,75.1,14,24,0.5417
head_detect_seg006,76.1,14,24,0.5417
head_detect_seg006,77.1,13,23,0.5217
head_detect_seg006,78.1,11,24,0.4583
head_detect_seg006,79.1,10,25,0.4000
head_detect_seg006,80.1,9,24,0.3750
head_detect_seg006,81.1,11,26,0.4231
head_detect_seg006,82.1,10,24,0.3750
head_detect_seg006,83.1,10,23,0.4348
head_detect_seg006,84.1,10,25,0.4000
head_detect_seg006,85.1,12,24,0.5000
head_detect_seg006,86.1,11,24,0.4583
head_detect_seg006,87.1,11,25,0.4400
head_detect_seg006,88.1,11,22,0.4545
head_detect_seg006,89.1,11,25,0.4000
head_detect_seg006,90.1,13,25,0.4800
head_detect_seg006,91.1,12,25,0.4800
head_detect_seg006,92.1,12,28,0.4286
head_detect_seg006,93.1,13,26,0.5000
head_detect_seg006,94.1,9,25,0.3600
head_detect_seg006,95.1,11,26,0.4231
head_detect_seg006,96.1,10,26,0.3846
head_detect_seg006,97.1,9,24,0.3750
head_detect_seg006,98.1,9,24,0.3333
head_detect_seg006,99.1,12,23,0.4783
head_detect_seg006,100.1,11,25,0.4400
head_detect_seg006,101.1,12,26,0.4615
head_detect_seg006,102.1,10,25,0.4000
head_detect_seg006,103.1,17,25,0.6400
head_detect_seg006,104.1,15,25,0.5200
head_detect_seg006,105.1,13,24,0.5000
head_detect_seg006,106.1,13,23,0.5217
head_detect_seg006,107.1,13,22,0.5909
head_detect_seg006,108.1,12,21,0.5714
head_detect_seg006,109.1,12,21,0.4762
head_detect_seg006,110.1,12,23,0.4783
head_detect_seg006,111.1,15,21,0.6667
head_detect_seg006,112.1,15,22,0.5909
head_detect_seg006,113.1,13,23,0.5217
head_detect_seg006,114.1,8,21,0.3810
head_detect_seg006,115.1,10,21,0.4286
head_detect_seg006,116.1,12,25,0.4400
head_detect_seg007,0.0,9,22,0.4091
head_detect_seg007,1.0,16,24,0.6667
head_detect_seg007,2.0,14,24,0.5417
head_detect_seg007,3.0,12,22,0.5455
head_detect_seg007,4.0,13,25,0.4400
head_detect_seg007,5.0,9,22,0.4091
head_detect_seg007,6.0,10,22,0.3636
head_detect_seg007,7.0,10,20,0.4500
head_detect_seg007,8.0,12,23,0.4783
head_detect_seg007,9.0,9,24,0.3333
head_detect_seg007,10.0,11,24,0.4167
head_detect_seg007,11.0,10,24,0.4167
head_detect_seg007,12.0,11,22,0.4545
head_detect_seg007,13.0,10,22,0.4545
head_detect_seg007,14.0,12,23,0.4783
head_detect_seg007,15.0,10,23,0.4348
head_detect_seg007,16.0,15,25,0.5200
head_detect_seg007,17.0,14,26,0.5000
head_detect_seg007,18.0,11,24,0.4167
head_detect_seg007,19.0,11,24,0.4167
head_detect_seg007,20.0,15,24,0.5833
head_detect_seg007,21.0,12,24,0.4583
head_detect_seg007,22.0,14,24,0.5417
head_detect_seg007,23.0,12,25,0.4400
head_detect_seg007,24.0,11,24,0.4167
head_detect_seg007,25.0,13,21,0.5238
head_detect_seg007,26.0,10,22,0.4091
head_detect_seg007,27.0,13,24,0.4583
head_detect_seg007,28.0,14,23,0.6087
head_detect_seg007,29.0,14,23,0.5652
head_detect_seg007,30.0,14,24,0.5417
head_detect_seg007,31.0,13,23,0.5217
head_detect_seg007,32.0,13,23,0.4783
head_detect_seg007,33.0,14,23,0.4783
head_detect_seg007,34.0,15,25,0.5600
head_detect_seg007,35.0,17,26,0.6538
head_detect_seg007,36.0,20,25,0.6400
head_detect_seg007,37.0,17,24,0.6667
head_detect_seg007,38.0,19,26,0.7308
head_detect_seg007,39.0,17,26,0.6538
head_detect_seg007,40.0,17,25,0.6800
head_detect_seg007,41.0,15,25,0.6000
head_detect_seg007,42.0,15,28,0.5357
head_detect_seg007,43.0,14,27,0.5185
head_detect_seg007,44.0,15,26,0.5769
head_detect_seg007,45.0,14,28,0.5000
head_detect_seg007,46.0,13,28,0.4286
head_detect_seg007,47.0,13,26,0.4615
head_detect_seg007,48.0,15,28,0.5357
head_detect_seg007,49.0,13,26,0.5000
head_detect_seg007,50.1,15,27,0.4815
head_detect_seg007,51.1,15,26,0.5000
head_detect_seg007,52.1,14,23,0.5217
head_detect_seg007,53.1,17,26,0.5385
head_detect_seg007,54.1,15,23,0.6087
head_detect_seg007,55.1,12,26,0.4231
head_detect_seg007,56.1,17,26,0.6538
head_detect_seg007,57.1,16,24,0.6667
head_detect_seg007,58.1,14,25,0.5600
head_detect_seg007,59.1,14,24,0.5833
head_detect_seg007,60.1,13,25,0.5200
head_detect_seg007,61.1,15,25,0.5600
head_detect_seg007,62.1,14,25,0.5600
head_detect_seg007,63.1,16,25,0.6400
head_detect_seg007,64.1,15,26,0.5000
head_detect_seg007,65.1,13,27,0.4444
head_detect_seg007,66.1,19,27,0.6667
head_detect_seg007,67.1,15,26,0.5769
head_detect_seg007,68.1,15,27,0.4815
head_detect_seg007,69.1,20,25,0.6400
head_detect_seg007,70.1,16,27,0.5926
head_detect_seg007,71.1,15,27,0.5556
head_detect_seg007,72.1,20,26,0.7308
head_detect_seg007,73.1,18,28,0.6071
head_detect_seg007,74.1,18,28,0.6071
head_detect_seg007,75.1,14,26,0.5000
head_detect_seg007,76.1,13,23,0.5217
head_detect_seg007,77.1,16,24,0.5833
head_detect_seg007,78.1,16,26,0.5385
head_detect_seg007,79.1,18,29,0.5862
head_detect_seg007,80.1,16,28,0.5357
head_detect_seg007,81.1,16,26,0.5769
head_detect_seg007,82.1,17,28,0.5714
head_detect_seg007,83.1,18,28,0.6071
head_detect_seg007,84.1,12,32,0.3750
head_detect_seg007,85.1,15,29,0.4828
head_detect_seg007,86.1,17,28,0.6071
head_detect_seg007,87.1,14,29,0.4828
head_detect_seg007,88.1,11,29,0.3793
head_detect_seg007,89.1,13,29,0.4483
head_detect_seg007,90.1,17,29,0.5862
head_detect_seg007,91.1,16,32,0.5000
head_detect_seg007,92.1,18,31,0.4839
head_detect_seg007,93.1,21,29,0.6552
head_detect_seg007,94.1,18,33,0.4848
head_detect_seg007,95.1,17,27,0.6296
head_detect_seg007,96.1,20,31,0.6452
head_detect_seg007,97.1,18,30,0.5667
head_detect_seg007,98.1,21,31,0.6452
head_detect_seg007,99.1,19,29,0.6207
head_detect_seg007,100.1,18,30,0.5667
head_detect_seg007,101.1,19,30,0.5667
head_detect_seg007,102.1,15,30,0.4667
head_detect_seg007,103.1,19,30,0.5667
head_detect_seg007,104.1,18,27,0.6296
head_detect_seg007,105.1,18,29,0.6207
head_detect_seg007,106.1,18,27,0.6296
head_detect_seg007,107.1,16,27,0.5926
head_detect_seg007,108.1,15,28,0.5000
head_detect_seg007,109.1,15,25,0.6000
head_detect_seg007,110.1,18,28,0.6429
head_detect_seg007,111.1,16,25,0.6400
head_detect_seg007,112.1,18,28,0.6071
head_detect_seg007,113.1,19,28,0.6429
head_detect_seg007,114.1,17,27,0.5926
head_detect_seg007,115.1,17,29,0.5862
head_detect_seg007,116.1,15,27,0.5556
head_detect_seg007,117.1,21,29,0.6897
head_detect_seg007,118.1,20,27,0.7037
head_detect_seg007,119.1,20,30,0.6667
head_detect_seg007,120.1,20,26,0.7308
head_detect_seg007,121.1,15,28,0.5000
head_detect_seg007,122.1,17,27,0.6296
head_detect_seg007,123.1,19,28,0.6786
head_detect_seg007,124.1,17,28,0.6071
head_detect_seg008,0.0,17,27,0.5926
head_detect_seg008,1.0,19,30,0.6333
head_detect_seg008,2.0,20,27,0.6667
head_detect_seg008,3.0,18,28,0.6429
head_detect_seg008,4.0,20,28,0.7143
head_detect_seg008,5.0,20,24,0.7917
head_detect_seg008,6.0,17,27,0.6296
head_detect_seg008,7.0,22,27,0.7778
head_detect_seg008,8.0,20,25,0.6800
head_detect_seg008,9.0,17,25,0.6800
head_detect_seg008,10.0,21,30,0.6333
head_detect_seg008,11.0,20,28,0.7143
head_detect_seg008,12.0,21,29,0.6897
head_detect_seg008,13.0,19,27,0.6667
head_detect_seg008,14.0,18,27,0.6296
head_detect_seg008,15.0,17,29,0.5862
head_detect_seg008,16.0,20,26,0.6923
head_detect_seg008,17.0,16,28,0.5714
head_detect_seg008,18.0,18,27,0.6667
head_detect_seg008,19.0,14,26,0.5000
head_detect_seg008,20.0,16,26,0.5769
head_detect_seg008,21.0,16,26,0.5769
head_detect_seg008,22.0,13,24,0.5417
head_detect_seg008,23.0,12,26,0.4615
head_detect_seg008,24.0,15,26,0.5769
head_detect_seg008,25.0,13,25,0.4800
head_detect_seg008,26.0,9,25,0.3600
head_detect_seg008,27.0,17,26,0.6538
head_detect_seg008,28.0,19,29,0.6552
head_detect_seg008,29.0,17,29,0.5862
head_detect_seg008,30.0,20,27,0.7037
head_detect_seg008,31.0,21,23,0.7826
head_detect_seg008,32.0,17,24,0.6667
head_detect_seg008,33.0,18,28,0.6429
head_detect_seg008,34.0,19,28,0.6429
head_detect_seg008,35.0,19,28,0.6429
head_detect_seg008,36.0,21,26,0.7308
head_detect_seg008,37.0,19,24,0.7083
head_detect_seg008,38.0,18,25,0.6400
head_detect_seg008,39.0,15,26,0.4615
head_detect_seg008,40.0,15,24,0.5417
head_detect_seg008,41.0,13,25,0.4800
head_detect_seg008,42.0,10,26,0.3462
head_detect_seg008,43.0,15,26,0.5385
head_detect_seg008,44.0,12,26,0.4231
head_detect_seg008,45.0,12,24,0.4167
head_detect_seg008,46.0,10,26,0.3846
head_detect_seg008,47.0,11,25,0.4000
head_detect_seg008,48.0,11,27,0.3704
head_detect_seg008,49.0,10,26,0.3462
head_detect_seg008,50.1,7,25,0.2800
head_detect_seg008,51.1,8,27,0.2963
head_detect_seg008,52.1,14,24,0.5833
head_detect_seg008,53.1,12,24,0.5000
head_detect_seg008,54.1,12,24,0.5000
head_detect_seg008,55.1,11,25,0.4000
head_detect_seg008,56.1,12,27,0.4444
head_detect_seg008,57.1,11,26,0.4231
head_detect_seg008,58.1,13,27,0.4815
head_detect_seg008,59.1,7,23,0.3043
head_detect_seg008,60.1,12,24,0.4583
head_detect_seg008,61.1,11,27,0.4074
head_detect_seg008,62.1,12,26,0.4615
head_detect_seg008,63.1,9,26,0.3077
head_detect_seg008,64.1,9,24,0.3750
head_detect_seg008,65.1,15,25,0.5200
head_detect_seg008,66.1,10,26,0.3846
head_detect_seg008,67.1,11,27,0.4074
head_detect_seg008,68.1,12,29,0.4138
head_detect_seg008,69.1,13,29,0.4483
head_detect_seg008,70.1,10,31,0.3226
head_detect_seg008,71.1,14,31,0.4516
head_detect_seg008,72.1,9,32,0.2812
head_detect_seg008,73.1,10,30,0.3333
head_detect_seg008,74.1,8,28,0.2857
head_detect_seg008,75.1,12,24,0.4583
head_detect_seg008,76.1,12,25,0.4400
head_detect_seg008,77.1,13,25,0.4800
head_detect_seg008,78.1,15,26,0.5000
head_detect_seg008,79.1,18,26,0.6154
head_detect_seg008,80.1,17,28,0.6071
head_detect_seg008,81.1,16,30,0.5333
head_detect_seg008,82.1,15,28,0.5357
head_detect_seg008,83.1,14,31,0.4516
head_detect_seg008,84.1,13,29,0.4483
head_detect_seg008,85.1,15,29,0.5172
head_detect_seg008,86.1,13,28,0.4643
head_detect_seg008,87.1,14,27,0.5185
head_detect_seg008,88.1,17,28,0.6071
head_detect_seg008,89.1,15,26,0.5769
head_detect_seg008,90.1,16,29,0.5172
head_detect_seg008,91.1,19,27,0.6667
head_detect_seg008,92.1,14,26,0.4615
head_detect_seg008,93.1,16,28,0.5000
head_detect_seg008,94.1,16,28,0.5714
head_detect_seg008,95.1,16,27,0.5556
head_detect_seg008,96.1,16,27,0.5556
head_detect_seg008,97.1,17,27,0.5926
head_detect_seg008,98.1,18,28,0.6071
head_detect_seg008,99.1,14,27,0.4815
head_detect_seg008,100.1,17,27,0.5556
head_detect_seg008,101.1,14,29,0.4138
head_detect_seg008,102.1,20,27,0.6296
head_detect_seg008,103.1,20,28,0.6071
head_detect_seg008,104.1,20,28,0.6429
head_detect_seg008,105.1,14,29,0.3793
head_detect_seg008,106.1,12,27,0.4074
head_detect_seg008,107.1,13,32,0.4062
head_detect_seg008,108.1,14,32,0.4375
head_detect_seg008,109.1,17,30,0.5000
head_detect_seg008,110.1,15,28,0.5000
head_detect_seg008,111.1,17,27,0.5926
head_detect_seg008,112.1,15,27,0.4815
head_detect_seg008,113.1,17,27,0.5556
head_detect_seg008,114.1,16,29,0.5172
head_detect_seg008,115.1,18,29,0.5517
head_detect_seg008,116.1,18,26,0.6154
head_detect_seg009,0.0,20,27,0.5926
head_detect_seg009,1.0,15,27,0.5185
head_detect_seg009,2.0,16,28,0.5357
head_detect_seg009,3.0,16,28,0.5357
head_detect_seg009,4.0,17,26,0.5769
head_detect_seg009,5.0,18,29,0.5172
head_detect_seg009,6.0,15,27,0.4815
head_detect_seg009,7.0,19,29,0.6207
head_detect_seg009,8.0,16,30,0.5000
head_detect_seg009,9.0,18,27,0.5926
head_detect_seg009,10.0,20,30,0.6333
head_detect_seg009,11.0,17,27,0.6296
head_detect_seg009,12.0,16,27,0.5556
head_detect_seg009,13.0,18,28,0.5357
head_detect_seg009,14.0,16,28,0.5000
head_detect_seg009,15.0,16,25,0.5200
head_detect_seg009,16.0,14,25,0.5200
head_detect_seg009,17.0,15,25,0.5600
head_detect_seg009,18.0,13,26,0.4231
head_detect_seg009,19.0,15,24,0.5000
head_detect_seg009,20.0,14,25,0.4400
head_detect_seg009,21.0,12,26,0.4231
head_detect_seg009,22.0,13,27,0.4444
head_detect_seg009,23.0,12,27,0.3704
head_detect_seg009,24.0,11,26,0.3462
head_detect_seg009,25.0,16,28,0.5357
head_detect_seg009,26.0,15,27,0.4815
head_detect_seg009,27.0,17,27,0.5926
head_detect_seg009,28.0,16,25,0.5200
head_detect_seg009,29.0,16,25,0.4800
head_detect_seg009,30.0,16,26,0.5000
head_detect_seg009,31.0,16,25,0.5600
head_detect_seg009,32.0,17,26,0.6154
head_detect_seg009,33.0,15,25,0.5200
head_detect_seg009,34.0,13,25,0.4400
head_detect_seg009,35.0,11,27,0.3704
head_detect_seg009,36.0,13,26,0.4615
head_detect_seg009,37.0,13,26,0.4615
head_detect_seg009,38.0,13,28,0.3929
head_detect_seg009,39.0,12,28,0.3929
head_detect_seg009,40.0,12,28,0.3929
head_detect_seg009,41.0,11,28,0.3571
head_detect_seg009,42.0,11,29,0.3793
head_detect_seg009,43.0,13,28,0.4643
head_detect_seg009,44.0,14,27,0.4444
head_detect_seg009,45.0,14,27,0.4444
head_detect_seg009,46.0,12,28,0.3929
head_detect_seg009,47.0,11,29,0.3793
head_detect_seg009,48.0,14,27,0.4815
head_detect_seg009,49.0,14,27,0.4444
head_detect_seg009,50.1,12,28,0.4286
head_detect_seg009,51.1,14,29,0.4138
head_detect_seg009,52.1,13,28,0.4286
head_detect_seg009,53.1,18,30,0.6000
head_detect_seg009,54.1,16,31,0.5161
head_detect_seg009,55.1,13,28,0.4643
head_detect_seg009,56.1,15,27,0.5556
head_detect_seg009,57.1,11,27,0.4074
head_detect_seg009,58.1,13,27,0.4815
head_detect_seg009,59.1,14,27,0.5185
head_detect_seg009,60.1,15,28,0.5357
head_detect_seg009,61.1,11,27,0.4074
head_detect_seg009,62.1,11,28,0.3929
head_detect_seg009,63.1,12,27,0.4444
head_detect_seg009,64.1,13,25,0.4800
head_detect_seg009,65.1,13,27,0.4815
head_detect_seg009,66.1,16,27,0.5926
head_detect_seg009,67.1,10,28,0.3571
head_detect_seg009,68.1,17,26,0.5769
head_detect_seg009,69.1,11,27,0.4074
head_detect_seg009,70.1,9,27,0.3333
head_detect_seg009,71.1,14,28,0.4643
head_detect_seg009,72.1,15,27,0.5556
head_detect_seg009,73.1,14,26,0.5385
head_detect_seg009,74.1,14,29,0.4483
head_detect_seg009,75.1,13,27,0.4444
head_detect_seg009,76.1,12,28,0.4286
head_detect_seg009,77.1,10,25,0.4000
head_detect_seg009,78.1,9,26,0.3462
head_detect_seg009,79.1,11,25,0.4400
head_detect_seg009,80.1,12,29,0.3793
head_detect_seg009,81.1,12,28,0.4286
head_detect_seg009,82.1,13,27,0.4815
head_detect_seg009,83.1,13,26,0.5000
head_detect_seg009,84.1,12,25,0.4800
head_detect_seg009,85.1,12,26,0.4231
head_detect_seg009,86.1,9,25,0.3600
head_detect_seg009,87.1,11,29,0.3793
head_detect_seg009,88.1,14,31,0.4194
head_detect_seg009,89.1,18,27,0.6296
head_detect_seg009,90.1,13,27,0.4444
head_detect_seg009,91.1,14,26,0.5385
head_detect_seg009,92.1,14,25,0.5600
head_detect_seg009,93.1,14,26,0.5385
head_detect_seg009,94.1,12,24,0.5000
head_detect_seg009,95.1,16,25,0.6000
head_detect_seg009,96.1,15,25,0.6000
head_detect_seg009,97.1,15,26,0.5385
head_detect_seg009,98.1,11,27,0.4074
head_detect_seg009,99.1,16,25,0.5600
head_detect_seg009,100.1,13,27,0.4815
head_detect_seg009,101.1,12,26,0.4615
head_detect_seg009,102.1,14,28,0.5000
head_detect_seg009,103.1,15,27,0.5185
head_detect_seg009,104.1,16,26,0.6154
head_detect_seg009,105.1,14,26,0.5385
head_detect_seg009,106.1,12,26,0.4615
head_detect_seg009,107.1,12,28,0.4286
head_detect_seg009,108.1,8,29,0.2759
head_detect_seg009,109.1,10,27,0.3333
head_detect_seg009,110.1,13,26,0.5000
head_detect_seg009,111.1,13,26,0.5000
head_detect_seg009,112.1,11,26,0.4231
head_detect_seg009,113.1,13,27,0.4815
head_detect_seg009,114.1,15,27,0.5185
head_detect_seg009,115.1,14,27,0.4815
head_detect_seg009,116.1,10,27,0.3333
head_detect_seg010,0.0,10,25,0.4000
head_detect_seg010,1.0,12,26,0.4231
head_detect_seg010,2.0,6,27,0.2222
head_detect_seg010,3.0,11,27,0.4074
head_detect_seg010,4.0,10,27,0.3704
head_detect_seg010,5.0,10,27,0.3704
head_detect_seg010,6.0,11,29,0.3793
head_detect_seg010,7.0,9,26,0.3077
head_detect_seg010,8.0,12,25,0.4000
head_detect_seg010,9.0,9,25,0.3600
head_detect_seg010,10.0,11,26,0.4231
head_detect_seg010,11.0,11,24,0.4167
head_detect_seg010,12.0,11,24,0.3750
head_detect_seg010,13.0,10,24,0.3333
head_detect_seg010,14.0,12,25,0.4400
head_detect_seg010,15.0,12,25,0.4400
head_detect_seg010,16.0,10,23,0.3913
head_detect_seg010,17.0,11,24,0.4167
head_detect_seg010,18.0,9,25,0.3600
head_detect_seg010,19.0,8,25,0.3200
head_detect_seg010,20.0,8,25,0.3200
head_detect_seg010,21.0,9,28,0.3214
head_detect_seg010,22.0,8,26,0.3077
head_detect_seg010,23.0,10,28,0.3571
head_detect_seg010,24.0,11,25,0.4400
head_detect_seg010,25.0,10,27,0.3333
head_detect_seg010,26.0,10,28,0.3571
head_detect_seg010,27.0,8,27,0.2963
head_detect_seg010,28.0,10,27,0.3704
head_detect_seg010,29.0,10,27,0.3704
head_detect_seg010,30.0,11,24,0.4583
head_detect_seg010,31.0,10,26,0.3462
head_detect_seg010,32.0,11,23,0.4348
head_detect_seg010,33.0,9,28,0.3214
head_detect_seg010,34.0,10,30,0.3333
head_detect_seg010,35.0,11,30,0.3333
head_detect_seg010,36.0,13,28,0.4643
head_detect_seg010,37.0,9,28,0.3214
head_detect_seg010,38.0,12,30,0.4000
head_detect_seg010,39.0,13,30,0.4000
head_detect_seg010,40.0,9,30,0.3000
head_detect_seg010,41.0,11,30,0.3333
head_detect_seg010,42.0,11,25,0.4000
head_detect_seg010,43.0,9,24,0.3750
head_detect_seg010,44.0,10,27,0.3333
head_detect_seg010,45.0,14,25,0.5600
head_detect_seg010,46.0,13,24,0.5000
head_detect_seg010,47.0,11,28,0.3571
head_detect_seg010,48.0,9,27,0.3333
head_detect_seg010,49.0,10,26,0.3462
head_detect_seg010,50.1,9,25,0.2800
head_detect_seg010,51.1,12,26,0.4231
head_detect_seg010,52.1,9,27,0.3333
head_detect_seg010,53.1,12,24,0.4167
head_detect_seg010,54.1,10,25,0.4000
head_detect_seg010,55.1,13,25,0.5200
head_detect_seg010,56.1,12,29,0.4138
head_detect_seg010,57.1,13,26,0.5000
head_detect_seg010,58.1,9,28,0.3214
head_detect_seg010,59.1,12,27,0.4444
head_detect_seg010,60.1,10,30,0.3333
head_detect_seg010,61.1,12,27,0.3704
head_detect_seg010,62.1,14,30,0.4667
head_detect_seg010,63.1,11,28,0.3929
head_detect_seg010,64.1,15,27,0.4815
head_detect_seg010,65.1,13,26,0.5000
head_detect_seg010,66.1,11,26,0.4231
head_detect_seg010,67.1,10,28,0.3214
head_detect_seg010,68.1,12,28,0.3929
head_detect_seg010,69.1,10,28,0.3571
head_detect_seg010,70.1,13,26,0.5000
head_detect_seg010,71.1,13,27,0.4815
head_detect_seg010,72.1,13,27,0.4444
head_detect_seg010,73.1,14,27,0.4815
head_detect_seg010,74.1,14,25,0.4000
head_detect_seg010,75.1,11,28,0.3571
head_detect_seg010,76.1,12,29,0.4138
head_detect_seg010,77.1,14,28,0.4286
head_detect_seg010,78.1,13,28,0.4286
head_detect_seg010,79.1,14,27,0.4444
head_detect_seg010,80.1,15,27,0.4815
head_detect_seg010,81.1,17,30,0.5333
head_detect_seg010,82.1,13,27,0.4444
head_detect_seg010,83.1,12,29,0.4138
head_detect_seg010,84.1,14,29,0.4483
head_detect_seg010,85.1,15,26,0.5769
head_detect_seg010,86.1,18,26,0.6538
head_detect_seg010,87.1,17,29,0.5517
head_detect_seg010,88.1,18,30,0.5000
head_detect_seg010,89.1,16,29,0.5517
head_detect_seg010,90.1,18,27,0.5926
head_detect_seg010,91.1,16,29,0.5517
head_detect_seg010,92.1,15,28,0.5357
head_detect_seg010,93.1,16,30,0.4667
head_detect_seg010,94.1,17,28,0.5357
head_detect_seg010,95.1,17,31,0.4839
head_detect_seg010,96.1,12,30,0.4000
head_detect_seg010,97.1,14,30,0.4333
head_detect_seg010,98.1,10,31,0.3226
head_detect_seg010,99.1,13,30,0.4000
head_detect_seg010,100.1,15,31,0.4194
head_detect_seg010,101.1,15,33,0.4242
head_detect_seg010,102.1,15,35,0.4286
head_detect_seg010,103.1,13,31,0.3871
head_detect_seg010,104.1,10,31,0.3226
head_detect_seg010,105.1,11,31,0.3226
head_detect_seg010,106.1,14,29,0.4483
head_detect_seg010,107.1,9,30,0.3000
head_detect_seg010,108.1,11,26,0.4231
head_detect_seg010,109.1,15,25,0.5600
head_detect_seg010,110.1,15,27,0.5556
head_detect_seg010,111.1,11,25,0.4400
head_detect_seg010,112.1,15,29,0.4828
head_detect_seg010,113.1,10,25,0.4000
head_detect_seg010,114.1,14,28,0.4643
head_detect_seg010,115.1,14,27,0.4815
head_detect_seg010,116.1,12,25,0.4800
head_detect_seg010,117.1,14,30,0.4333
head_detect_seg010,118.1,11,27,0.3333
head_detect_seg010,119.1,9,26,0.3462
head_detect_seg010,120.1,12,25,0.4400
head_detect_seg010,121.1,12,27,0.4444
head_detect_seg010,122.1,15,25,0.5600
head_detect_seg010,123.1,12,27,0.4444
head_detect_seg010,124.1,13,27,0.4815
head_detect_seg011,0.0,13,28,0.4643
head_detect_seg011,1.0,15,26,0.5769
head_detect_seg011,2.0,13,23,0.5652
head_detect_seg011,3.0,17,25,0.5600
head_detect_seg011,4.0,16,26,0.5385
head_detect_seg011,5.0,14,27,0.4815
head_detect_seg011,6.0,14,28,0.4643
head_detect_seg011,7.0,17,28,0.5714
head_detect_seg011,8.0,13,29,0.4483
head_detect_seg011,9.0,13,24,0.5417
head_detect_seg011,10.0,8,28,0.2857
head_detect_seg011,11.0,11,30,0.3667
head_detect_seg011,12.0,15,29,0.4483
head_detect_seg011,13.0,17,25,0.6000
head_detect_seg011,14.0,13,25,0.4800
head_detect_seg011,15.0,15,25,0.5200
head_detect_seg011,16.0,15,26,0.5385
head_detect_seg011,17.0,15,23,0.6522
head_detect_seg011,18.0,15,22,0.6818
head_detect_seg011,19.0,15,23,0.6522
head_detect_seg011,20.0,13,24,0.5000
head_detect_seg011,21.0,14,26,0.4615
head_detect_seg011,22.0,14,24,0.5833
head_detect_seg011,23.0,12,25,0.4800
head_detect_seg011,24.0,15,26,0.5769
head_detect_seg011,25.0,16,25,0.6400
head_detect_seg011,26.0,15,23,0.6522
head_detect_seg011,27.0,14,25,0.5600
head_detect_seg011,28.0,19,23,0.6957
head_detect_seg011,29.0,15,23,0.6087
head_detect_seg011,30.0,10,24,0.4167
head_detect_seg011,31.0,10,24,0.4167
head_detect_seg011,32.0,14,24,0.5417
head_detect_seg011,33.0,13,22,0.5000
head_detect_seg011,34.0,15,21,0.5714
head_detect_seg011,35.0,13,24,0.4583
head_detect_seg011,36.0,11,23,0.4348
head_detect_seg011,37.0,12,24,0.4583
head_detect_seg011,38.0,7,23,0.2609
head_detect_seg011,39.0,9,24,0.3750
head_detect_seg011,40.0,10,22,0.4091
head_detect_seg011,41.0,10,25,0.4000
head_detect_seg011,42.0,12,23,0.4783
head_detect_seg011,43.0,12,24,0.5000
head_detect_seg011,44.0,12,24,0.4583
head_detect_seg011,45.0,17,25,0.6400
head_detect_seg011,46.0,14,23,0.5652
head_detect_seg011,47.0,11,25,0.4000
head_detect_seg011,48.0,10,25,0.4000
head_detect_seg011,49.0,14,21,0.5714
head_detect_seg011,50.1,14,25,0.5600
head_detect_seg011,51.1,10,27,0.3704
head_detect_seg011,52.1,13,24,0.5000
head_detect_seg011,53.1,12,23,0.4783
head_detect_seg011,54.1,14,23,0.5217
head_detect_seg011,55.1,11,24,0.4167
head_detect_seg011,56.1,14,23,0.5217
head_detect_seg011,57.1,13,24,0.5000
head_detect_seg011,58.1,14,21,0.5238
head_detect_seg011,59.1,16,26,0.6154
head_detect_seg011,60.1,16,26,0.5385
head_detect_seg011,61.1,15,25,0.5600
head_detect_seg011,62.1,15,26,0.4615
head_detect_seg011,63.1,12,25,0.4800
head_detect_seg011,64.1,13,23,0.5217
head_detect_seg011,65.1,12,24,0.5000
head_detect_seg011,66.1,15,26,0.5385
head_detect_seg011,67.1,10,26,0.3846
head_detect_seg011,68.1,11,25,0.4400
head_detect_seg011,69.1,13,25,0.4800
head_detect_seg011,70.1,12,25,0.4800
head_detect_seg011,71.1,14,26,0.5000
head_detect_seg011,72.1,13,25,0.5200
head_detect_seg011,73.1,14,24,0.5417
head_detect_seg011,74.1,10,27,0.3704
head_detect_seg011,75.1,15,26,0.5385
head_detect_seg011,76.1,11,23,0.4783
head_detect_seg011,77.1,11,25,0.4400
head_detect_seg011,78.1,14,25,0.5600
head_detect_seg011,79.1,10,26,0.3846
head_detect_seg011,80.1,13,25,0.4800
head_detect_seg011,81.1,14,26,0.5385
head_detect_seg011,82.1,10,23,0.4348
head_detect_seg011,83.1,9,24,0.3750
head_detect_seg011,84.1,10,24,0.4167
head_detect_seg011,85.1,11,24,0.4583
head_detect_seg011,86.1,12,25,0.4400
head_detect_seg011,87.1,12,22,0.5000
head_detect_seg011,88.1,12,27,0.4444
head_detect_seg011,89.1,12,27,0.4074
head_detect_seg011,90.1,12,27,0.4444
head_detect_seg011,91.1,10,28,0.3571
head_detect_seg011,92.1,12,28,0.3929
head_detect_seg011,93.1,11,26,0.4231
head_detect_seg011,94.1,9,26,0.3462
head_detect_seg011,95.1,11,25,0.4400
head_detect_seg011,96.1,9,28,0.3214
head_detect_seg011,97.1,9,26,0.3462
head_detect_seg011,98.1,9,27,0.3333
head_detect_seg011,99.1,9,27,0.3333
head_detect_seg011,100.1,10,26,0.3846
head_detect_seg011,101.1,11,25,0.4000
head_detect_seg011,102.1,11,25,0.4400
head_detect_seg011,103.1,12,25,0.4800
head_detect_seg011,104.1,9,23,0.3913
head_detect_seg011,105.1,14,25,0.4800
head_detect_seg011,106.1,13,24,0.5417
head_detect_seg011,107.1,10,23,0.4348
head_detect_seg011,108.1,13,24,0.4583
head_detect_seg011,109.1,13,26,0.5000
head_detect_seg011,110.1,10,22,0.4091
head_detect_seg011,111.1,10,22,0.4091
head_detect_seg011,112.1,12,23,0.5217
head_detect_seg011,113.1,9,24,0.3750
head_detect_seg011,114.1,9,22,0.4091
head_detect_seg011,115.1,12,24,0.4167
head_detect_seg011,116.1,9,24,0.3750
head_detect_seg012,0.0,10,23,0.4348
head_detect_seg012,1.0,9,24,0.3750
head_detect_seg012,2.0,8,26,0.3077
head_detect_seg012,3.0,12,25,0.4400
head_detect_seg012,4.0,9,26,0.3462
head_detect_seg012,5.0,10,27,0.3333
head_detect_seg012,6.0,14,27,0.4815
head_detect_seg012,7.0,15,27,0.4815
head_detect_seg012,8.0,10,27,0.3704
head_detect_seg012,9.0,10,27,0.3704
head_detect_seg012,10.0,14,26,0.5000
head_detect_seg012,11.0,11,28,0.3929
head_detect_seg012,12.0,16,28,0.5357
head_detect_seg012,13.0,13,27,0.4815
head_detect_seg012,14.0,12,26,0.3846
head_detect_seg012,15.0,10,25,0.4000
head_detect_seg012,16.0,12,26,0.4615
head_detect_seg012,17.0,12,24,0.5000
head_detect_seg012,18.0,16,26,0.6154
head_detect_seg012,19.0,14,25,0.5200
head_detect_seg012,20.0,12,25,0.4800
head_detect_seg012,21.0,9,27,0.3333
head_detect_seg012,22.0,9,26,0.3462
head_detect_seg012,23.0,10,28,0.3571
head_detect_seg012,24.0,10,25,0.4000
head_detect_seg012,25.0,14,26,0.5000
head_detect_seg012,26.0,12,25,0.4800
head_detect_seg012,27.0,8,25,0.3200
head_detect_seg012,28.0,7,24,0.2917
head_detect_seg012,29.0,6,25,0.2400
head_detect_seg012,30.0,11,25,0.4000
head_detect_seg012,31.0,13,27,0.4815
head_detect_seg012,32.0,11,26,0.4231
head_detect_seg012,33.0,10,27,0.3704
head_detect_seg012,34.0,10,27,0.3704
head_detect_seg012,35.0,10,28,0.3571
head_detect_seg012,36.0,12,26,0.4615
head_detect_seg012,37.0,13,27,0.4815
head_detect_seg012,38.0,15,28,0.5357
head_detect_seg012,39.0,14,28,0.4643
head_detect_seg012,40.0,12,28,0.3929
head_detect_seg012,41.0,13,27,0.4074
head_detect_seg012,42.0,12,29,0.3793
head_detect_seg012,43.0,13,25,0.5200
head_detect_seg012,44.0,12,29,0.3793
head_detect_seg012,45.0,14,26,0.5385
head_detect_seg012,46.0,11,26,0.3846
head_detect_seg012,47.0,13,26,0.4615
head_detect_seg012,48.0,9,26,0.3462
head_detect_seg012,49.0,9,26,0.3462
head_detect_seg012,50.1,7,26,0.2692
head_detect_seg012,51.1,10,26,0.3462
head_detect_seg012,52.1,9,25,0.3200
head_detect_seg012,53.1,9,26,0.3077
head_detect_seg012,54.1,11,26,0.4231
head_detect_seg012,55.1,10,26,0.3846
head_detect_seg012,56.1,9,25,0.3600
head_detect_seg012,57.1,6,26,0.2308
head_detect_seg012,58.1,7,27,0.2593
head_detect_seg012,59.1,7,28,0.2500
head_detect_seg012,60.1,12,27,0.4444
head_detect_seg012,61.1,12,28,0.4286
head_detect_seg012,62.1,10,25,0.4000
head_detect_seg012,63.1,10,25,0.4000
head_detect_seg012,64.1,11,25,0.4400
head_detect_seg012,65.1,12,27,0.4444
head_detect_seg012,66.1,10,27,0.3704
head_detect_seg012,67.1,7,27,0.2593
head_detect_seg012,68.1,8,25,0.3200
head_detect_seg012,69.1,8,24,0.3333
head_detect_seg012,70.1,8,23,0.2609
head_detect_seg012,71.1,6,25,0.2400
head_detect_seg012,72.1,9,24,0.3750
head_detect_seg012,73.1,10,24,0.3750
head_detect_seg012,74.1,10,25,0.4000
head_detect_seg012,75.1,10,24,0.4167
head_detect_seg012,76.1,11,24,0.4167
head_detect_seg012,77.1,6,27,0.2222
head_detect_seg012,78.1,6,24,0.2500
head_detect_seg012,79.1,8,26,0.3077
head_detect_seg012,80.1,8,25,0.3200
head_detect_seg012,81.1,10,25,0.4000
head_detect_seg012,82.1,9,25,0.3200
head_detect_seg012,83.1,8,29,0.2759
head_detect_seg012,84.1,13,25,0.4800
head_detect_seg012,85.1,7,26,0.2692
head_detect_seg012,86.1,10,24,0.3750
head_detect_seg012,87.1,9,25,0.3600
head_detect_seg012,88.1,11,25,0.4000
head_detect_seg012,89.1,7,25,0.2800
head_detect_seg012,90.1,8,23,0.3478
head_detect_seg012,91.1,7,22,0.3182
head_detect_seg012,92.1,6,22,0.2727
head_detect_seg012,93.1,7,23,0.3043
head_detect_seg012,94.1,7,23,0.3043
head_detect_seg012,95.1,9,24,0.3750
head_detect_seg012,96.1,8,23,0.3043
head_detect_seg012,97.1,9,24,0.3333
head_detect_seg012,98.1,9,23,0.3913
head_detect_seg012,99.1,13,22,0.5455
head_detect_seg012,100.1,10,23,0.3913
head_detect_seg012,101.1,11,25,0.4000
head_detect_seg012,102.1,10,25,0.3600
head_detect_seg012,103.1,10,23,0.3913
head_detect_seg012,104.1,13,25,0.4400
head_detect_seg012,105.1,12,24,0.4583
head_detect_seg012,106.1,11,25,0.3600
head_detect_seg012,107.1,12,23,0.3913
head_detect_seg012,108.1,17,24,0.5833
head_detect_seg012,109.1,14,24,0.5000
head_detect_seg012,110.1,12,23,0.4783
head_detect_seg012,111.1,14,27,0.5185
head_detect_seg012,112.1,11,27,0.4074
head_detect_seg012,113.1,10,23,0.3913
head_detect_seg012,114.1,11,24,0.4583
head_detect_seg012,115.1,11,23,0.4783
head_detect_seg012,116.1,12,24,0.5000
head_detect_seg012,117.1,11,23,0.4783
head_detect_seg012,118.1,15,24,0.5417
head_detect_seg012,119.1,15,24,0.6250
head_detect_seg012,120.1,14,25,0.5600
head_detect_seg012,121.1,16,24,0.5833
head_detect_seg012,122.1,12,25,0.4400
head_detect_seg012,123.1,16,24,0.5833
head_detect_seg012,124.1,14,24,0.5417
head_detect_seg013,0.0,7,25,0.2800
head_detect_seg013,1.0,9,24,0.3333
head_detect_seg013,2.0,9,22,0.4091
head_detect_seg013,3.0,9,23,0.3913
head_detect_seg013,4.0,8,21,0.3810
head_detect_seg013,5.0,9,21,0.3810
head_detect_seg013,6.0,9,22,0.3636
head_detect_seg013,7.0,8,22,0.3636
head_detect_seg013,8.0,10,22,0.4091
head_detect_seg013,9.0,11,22,0.3636
head_detect_seg013,10.0,8,22,0.2727
head_detect_seg013,11.0,6,23,0.2609
head_detect_seg013,12.0,7,23,0.2174
head_detect_seg013,13.0,7,22,0.3182
head_detect_seg013,14.0,7,23,0.3043
head_detect_seg013,15.0,8,24,0.3333
head_detect_seg013,16.0,9,22,0.4091
head_detect_seg013,17.0,12,24,0.5000
head_detect_seg013,18.0,15,26,0.5385
head_detect_seg013,19.0,11,25,0.4400
head_detect_seg013,20.0,13,23,0.5652
head_detect_seg013,21.0,12,22,0.5455
head_detect_seg013,22.0,14,23,0.5652
head_detect_seg013,23.0,13,25,0.5200
head_detect_seg013,24.0,12,24,0.4583
head_detect_seg013,25.0,11,25,0.4400
head_detect_seg013,26.0,11,23,0.4348
head_detect_seg013,27.0,10,24,0.4167
head_detect_seg013,28.0,9,21,0.3810
head_detect_seg013,29.0,12,21,0.5238
head_detect_seg013,30.0,13,22,0.5455
head_detect_seg013,31.0,13,21,0.5714
head_detect_seg013,32.0,14,21,0.5714
head_detect_seg013,33.0,14,22,0.5909
head_detect_seg013,34.0,16,22,0.6364
head_detect_seg013,35.0,14,21,0.5238
head_detect_seg013,36.0,17,21,0.6190
head_detect_seg013,37.0,12,22,0.4545
head_detect_seg013,38.0,12,23,0.4783
head_detect_seg013,39.0,14,21,0.5714
head_detect_seg013,40.0,12,21,0.4762
head_detect_seg013,41.0,14,22,0.5909
head_detect_seg013,42.0,11,24,0.4583
head_detect_seg013,43.0,14,22,0.5455
head_detect_seg013,44.0,14,26,0.5000
head_detect_seg013,45.0,12,25,0.4400
head_detect_seg013,46.0,15,23,0.6087
head_detect_seg013,47.0,11,22,0.5000
head_detect_seg013,48.0,13,24,0.4167
head_detect_seg013,49.0,16,23,0.5652
head_detect_seg013,50.1,12,27,0.4444
head_detect_seg013,51.1,15,25,0.5600
head_detect_seg013,52.1,14,25,0.4800
head_detect_seg013,53.1,14,24,0.5000
head_detect_seg013,54.1,9,21,0.3333
head_detect_seg013,55.1,13,23,0.4783
head_detect_seg013,56.1,15,23,0.5652
head_detect_seg013,57.1,14,23,0.5652
head_detect_seg013,58.1,11,21,0.5238
head_detect_seg013,59.1,10,23,0.4348
head_detect_seg013,60.1,10,25,0.4000
head_detect_seg013,61.1,12,23,0.5217
head_detect_seg013,62.1,11,22,0.4091
head_detect_seg013,63.1,10,23,0.3913
head_detect_seg013,64.1,10,21,0.4286
head_detect_seg013,65.1,12,21,0.4762
head_detect_seg013,66.1,10,22,0.4545
head_detect_seg013,67.1,10,21,0.4286
head_detect_seg013,68.1,10,20,0.5000
head_detect_seg013,69.1,9,21,0.4286
head_detect_seg013,70.1,8,20,0.4000
head_detect_seg013,71.1,10,20,0.5000
head_detect_seg013,72.1,8,22,0.3636
head_detect_seg013,73.1,8,18,0.3889
head_detect_seg013,74.1,8,20,0.3500
head_detect_seg013,75.1,5,16,0.3125
head_detect_seg013,76.1,6,19,0.3158
head_detect_seg013,77.1,9,22,0.4091
head_detect_seg013,78.1,10,23,0.4348
head_detect_seg013,79.1,10,25,0.3600
head_detect_seg013,80.1,12,25,0.4400
head_detect_seg013,81.1,11,24,0.4583
head_detect_seg013,82.1,10,24,0.4167
head_detect_seg013,83.1,9,24,0.3750
head_detect_seg013,84.1,7,24,0.2917
head_detect_seg013,85.1,8,24,0.3333
head_detect_seg013,86.1,6,24,0.2500
head_detect_seg013,87.1,9,23,0.3913
head_detect_seg013,88.1,5,23,0.2174
head_detect_seg013,89.1,7,23,0.3043
head_detect_seg013,90.1,11,20,0.5500
head_detect_seg013,91.1,9,21,0.4286
head_detect_seg013,92.1,10,21,0.4286
head_detect_seg013,93.1,10,21,0.3810
head_detect_seg013,94.1,9,25,0.3600
head_detect_seg013,95.1,9,24,0.3750
head_detect_seg013,96.1,6,22,0.2727
head_detect_seg013,97.1,9,22,0.4091
head_detect_seg013,98.1,11,23,0.4783
head_detect_seg013,99.1,6,22,0.2727
head_detect_seg013,100.1,8,26,0.3077
head_detect_seg013,101.1,9,25,0.3600
head_detect_seg013,102.1,11,25,0.4400
head_detect_seg013,103.1,8,22,0.3182
head_detect_seg013,104.1,9,22,0.4091
head_detect_seg013,105.1,8,23,0.3478
head_detect_seg013,106.1,10,23,0.4348
head_detect_seg013,107.1,10,23,0.4348
head_detect_seg013,108.1,10,24,0.4167
head_detect_seg013,109.1,11,25,0.4400
head_detect_seg013,110.1,13,24,0.5000
head_detect_seg013,111.1,13,25,0.5200
head_detect_seg013,112.1,11,26,0.4231
head_detect_seg013,113.1,13,23,0.5652
head_detect_seg013,114.1,13,24,0.5000
head_detect_seg013,115.1,10,22,0.4545
head_detect_seg013,116.1,11,23,0.4783
head_detect_seg014,0.0,11,26,0.4231
head_detect_seg014,1.0,12,25,0.4400
head_detect_seg014,2.0,10,28,0.3571
head_detect_seg014,3.0,12,24,0.5000
head_detect_seg014,4.0,12,23,0.4783
head_detect_seg014,5.0,13,23,0.5217
head_detect_seg014,6.0,10,23,0.3913
head_detect_seg014,7.0,8,20,0.4000
head_detect_seg014,8.0,12,25,0.4800
head_detect_seg014,9.0,12,23,0.4783
head_detect_seg014,10.0,12,21,0.5238
head_detect_seg014,11.0,11,23,0.4348
head_detect_seg014,12.0,12,23,0.5217
head_detect_seg014,13.0,13,22,0.5455
head_detect_seg014,14.0,13,21,0.6190
head_detect_seg014,15.0,15,20,0.7000
head_detect_seg014,16.0,12,21,0.5238
head_detect_seg014,17.0,9,24,0.3750
head_detect_seg014,18.0,12,24,0.4583
head_detect_seg014,19.0,13,23,0.5652
head_detect_seg014,20.0,10,23,0.4348
head_detect_seg014,21.0,11,22,0.5000
head_detect_seg014,22.0,9,20,0.4500
head_detect_seg014,23.0,12,22,0.5000
head_detect_seg014,24.0,11,25,0.4400
head_detect_seg014,25.0,9,23,0.3913
head_detect_seg014,26.0,9,21,0.4286
head_detect_seg014,27.0,10,24,0.4167
head_detect_seg014,28.0,11,23,0.4783
head_detect_seg014,29.0,11,20,0.5500
head_detect_seg014,30.0,8,22,0.3636
head_detect_seg014,31.0,9,20,0.4500
head_detect_seg014,32.0,9,20,0.4500
head_detect_seg014,33.0,11,23,0.4783
head_detect_seg014,34.0,12,22,0.5455
head_detect_seg014,35.0,12,24,0.5000
head_detect_seg014,36.0,10,21,0.4762
head_detect_seg014,37.0,11,21,0.5238
head_detect_seg014,38.0,11,21,0.5238
head_detect_seg014,39.0,10,20,0.5000
head_detect_seg014,40.0,12,22,0.5455
head_detect_seg014,41.0,12,22,0.5455
head_detect_seg014,42.0,10,22,0.4545
head_detect_seg014,43.0,12,18,0.6667
head_detect_seg014,44.0,8,20,0.4000
head_detect_seg014,45.0,7,18,0.3889
head_detect_seg014,46.0,10,20,0.5000
head_detect_seg014,47.0,8,19,0.4211
head_detect_seg014,48.0,10,21,0.4762
head_detect_seg014,49.0,10,21,0.4286
head_detect_seg014,50.1,10,19,0.5263
head_detect_seg014,51.1,10,19,0.5263
head_detect_seg014,52.1,11,20,0.5500
head_detect_seg014,53.1,11,18,0.5556
head_detect_seg014,54.1,11,23,0.4783
head_detect_seg014,55.1,12,23,0.4783
head_detect_seg014,56.1,9,22,0.4091
head_detect_seg014,57.1,8,23,0.3478
head_detect_seg014,58.1,6,21,0.2857
head_detect_seg014,59.1,10,21,0.4762
head_detect_seg014,60.1,10,22,0.4545
head_detect_seg014,61.1,8,21,0.3810
head_detect_seg014,62.1,9,22,0.4091
head_detect_seg014,63.1,9,22,0.4091
head_detect_seg014,64.1,8,21,0.3810
head_detect_seg014,65.1,9,24,0.3333
head_detect_seg014,66.1,10,24,0.4167
head_detect_seg014,67.1,9,23,0.3913
head_detect_seg014,68.1,9,22,0.4091
head_detect_seg014,69.1,9,23,0.3913
head_detect_seg014,70.1,9,24,0.3750
head_detect_seg014,71.1,11,26,0.4231
head_detect_seg014,72.1,9,24,0.3750
head_detect_seg014,73.1,8,22,0.3636
head_detect_seg014,74.1,9,23,0.3913
head_detect_seg014,75.1,9,22,0.4091
head_detect_seg014,76.1,8,23,0.3478
head_detect_seg014,77.1,8,21,0.3810
head_detect_seg014,78.1,10,18,0.5000
head_detect_seg014,79.1,11,23,0.4348
head_detect_seg014,80.1,9,21,0.4286
head_detect_seg014,81.1,13,20,0.5500
head_detect_seg014,82.1,10,21,0.4762
head_detect_seg014,83.1,9,22,0.4091
head_detect_seg014,84.1,11,21,0.4762
head_detect_seg014,85.1,10,19,0.4737
head_detect_seg014,86.1,12,20,0.5000
head_detect_seg014,87.1,11,22,0.5000
head_detect_seg014,88.1,11,19,0.4737
head_detect_seg014,89.1,9,21,0.3810
head_detect_seg014,90.1,12,20,0.5500
head_detect_seg014,91.1,9,21,0.4286
head_detect_seg014,92.1,9,21,0.3810
head_detect_seg014,93.1,11,21,0.4762
head_detect_seg014,94.1,8,21,0.3333
head_detect_seg014,95.1,9,25,0.3200
head_detect_seg014,96.1,11,22,0.4545
head_detect_seg014,97.1,8,22,0.3636
head_detect_seg014,98.1,9,23,0.3913
head_detect_seg014,99.1,10,22,0.4545
head_detect_seg014,100.1,8,22,0.3636
head_detect_seg014,101.1,12,21,0.5238
head_detect_seg014,102.1,11,23,0.4783
head_detect_seg014,103.1,9,24,0.3750
head_detect_seg014,104.1,12,24,0.5000
head_detect_seg014,105.1,8,22,0.3636
head_detect_seg014,106.1,10,25,0.4000
head_detect_seg014,107.1,10,27,0.3704
head_detect_seg014,108.1,11,26,0.4231
head_detect_seg014,109.1,11,23,0.4348
head_detect_seg014,110.1,10,23,0.3913
head_detect_seg014,111.1,9,24,0.3333
head_detect_seg014,112.1,11,24,0.4583
head_detect_seg014,113.1,12,24,0.5000
head_detect_seg014,114.1,12,25,0.4800
head_detect_seg014,115.1,13,22,0.5455
head_detect_seg014,116.1,10,21,0.4762
head_detect_seg015,0.0,12,23,0.4783
head_detect_seg015,1.0,13,23,0.5217
head_detect_seg015,2.0,10,20,0.4500
head_detect_seg015,3.0,11,20,0.5000
head_detect_seg015,4.0,14,22,0.5909
head_detect_seg015,5.0,11,24,0.4583
head_detect_seg015,6.0,12,23,0.5217
head_detect_seg015,7.0,14,25,0.5600
head_detect_seg015,8.0,11,24,0.4583
head_detect_seg015,9.0,13,24,0.5417
head_detect_seg015,10.0,15,27,0.5556
head_detect_seg015,11.0,13,29,0.4483
head_detect_seg015,12.0,15,28,0.5357
head_detect_seg015,13.0,13,26,0.5000
head_detect_seg015,14.0,13,26,0.5000
head_detect_seg015,15.0,12,26,0.4615
head_detect_seg015,16.0,12,20,0.5000
head_detect_seg015,17.0,12,22,0.5000
head_detect_seg015,18.0,14,24,0.5833
head_detect_seg015,19.0,14,27,0.5185
head_detect_seg015,20.0,14,28,0.5000
head_detect_seg015,21.0,12,25,0.4800
head_detect_seg015,22.0,13,24,0.5417
head_detect_seg015,23.0,12,25,0.4800
head_detect_seg015,24.0,11,24,0.4583
head_detect_seg015,25.0,9,24,0.3750
head_detect_seg015,26.0,15,22,0.6364
head_detect_seg015,27.0,15,23,0.6522
head_detect_seg015,28.0,11,23,0.4783
head_detect_seg015,29.0,13,23,0.5652
head_detect_seg015,30.0,15,23,0.5652
head_detect_seg015,31.0,10,26,0.3846
head_detect_seg015,32.0,14,25,0.5200
head_detect_seg015,33.0,13,22,0.5909
head_detect_seg015,34.0,13,23,0.5217
head_detect_seg015,35.0,11,24,0.4583
head_detect_seg015,36.0,12,22,0.5455
head_detect_seg015,37.0,11,25,0.4400
head_detect_seg015,38.0,14,22,0.6364
head_detect_seg015,39.0,14,24,0.5833
head_detect_seg015,40.0,15,22,0.6818
head_detect_seg015,41.0,16,24,0.6250
head_detect_seg015,42.0,11,23,0.4783
head_detect_seg015,43.0,12,24,0.4583
head_detect_seg015,44.0,12,29,0.4138
head_detect_seg015,45.0,14,26,0.5000
head_detect_seg015,46.0,15,26,0.5385
head_detect_seg015,47.0,14,24,0.5417
head_detect_seg015,48.0,13,21,0.5714
head_detect_seg015,49.0,14,20,0.7000
head_detect_seg015,50.1,13,20,0.6000
head_detect_seg015,51.1,16,23,0.6522
head_detect_seg015,52.1,16,23,0.6957
head_detect_seg015,53.1,14,24,0.5833
head_detect_seg015,54.1,14,25,0.5600
head_detect_seg015,55.1,14,25,0.5600
head_detect_seg015,56.1,12,27,0.4444
head_detect_seg015,57.1,12,22,0.5455
head_detect_seg015,58.1,16,25,0.6400
head_detect_seg015,59.1,14,26,0.5385
head_detect_seg015,60.1,14,24,0.5833
head_detect_seg015,61.1,14,23,0.5652
head_detect_seg015,62.1,15,25,0.4800
head_detect_seg015,63.1,15,23,0.6087
head_detect_seg015,64.1,16,23,0.6087
head_detect_seg015,65.1,18,21,0.7143
head_detect_seg015,66.1,15,22,0.6364
head_detect_seg015,67.1,16,20,0.7500
head_detect_seg015,68.1,17,23,0.6957
head_detect_seg015,69.1,16,21,0.7143
head_detect_seg015,70.1,17,23,0.6957
head_detect_seg015,71.1,15,21,0.6667
head_detect_seg015,72.1,12,27,0.4444
head_detect_seg015,73.1,13,24,0.5000
head_detect_seg015,74.1,15,25,0.5600
head_detect_seg015,75.1,14,24,0.5417
head_detect_seg015,76.1,17,26,0.6538
head_detect_seg015,77.1,14,24,0.5417
head_detect_seg015,78.1,12,26,0.4615
head_detect_seg015,79.1,14,28,0.5000
head_detect_seg015,80.1,15,26,0.5000
head_detect_seg015,81.1,15,28,0.5000
head_detect_seg015,82.1,13,30,0.4000
head_detect_seg015,83.1,12,29,0.4138
head_detect_seg015,84.1,13,29,0.4483
head_detect_seg015,85.1,11,29,0.3793
head_detect_seg015,86.1,11,33,0.3333
head_detect_seg015,87.1,13,33,0.3636
head_detect_seg015,88.1,14,30,0.4667
head_detect_seg015,89.1,11,31,0.3548
head_detect_seg015,90.1,10,33,0.3030
head_detect_seg015,91.1,13,28,0.4643
head_detect_seg015,92.1,16,27,0.5926
head_detect_seg015,93.1,16,27,0.5556
head_detect_seg015,94.1,12,25,0.4800
head_detect_seg015,95.1,12,24,0.4167
head_detect_seg015,96.1,15,26,0.5385
head_detect_seg015,97.1,14,27,0.4815
head_detect_seg015,98.1,11,27,0.4074
head_detect_seg015,99.1,13,29,0.4138
head_detect_seg015,100.1,10,29,0.3448
head_detect_seg015,101.1,10,29,0.3448
head_detect_seg015,102.1,11,28,0.3571
head_detect_seg015,103.1,10,28,0.3571
head_detect_seg015,104.1,12,26,0.4615
head_detect_seg015,105.1,14,26,0.5385
head_detect_seg015,106.1,14,28,0.5000
head_detect_seg015,107.1,14,29,0.4828
head_detect_seg015,108.1,13,27,0.4815
head_detect_seg015,109.1,14,28,0.4643
head_detect_seg015,110.1,15,28,0.5357
head_detect_seg015,111.1,14,27,0.4815
head_detect_seg015,112.1,13,31,0.4194
head_detect_seg015,113.1,15,28,0.4286
head_detect_seg015,114.1,12,30,0.3667
head_detect_seg015,115.1,12,27,0.4074
head_detect_seg015,116.1,11,26,0.4231
head_detect_seg015,117.1,11,27,0.4074
head_detect_seg015,118.1,13,27,0.4815
head_detect_seg015,119.1,12,27,0.4444
head_detect_seg015,120.1,13,27,0.4444
head_detect_seg015,121.1,12,26,0.4615
head_detect_seg015,122.1,13,26,0.4615
head_detect_seg015,123.1,12,26,0.4231
head_detect_seg015,124.1,10,26,0.3846
head_detect_seg016,0.0,10,26,0.3462
head_detect_seg016,1.0,13,26,0.4615
head_detect_seg016,2.0,12,26,0.4615
head_detect_seg016,3.0,11,26,0.4231
head_detect_seg016,4.0,12,25,0.4400
head_detect_seg016,5.0,12,24,0.4583
head_detect_seg016,6.0,10,23,0.4348
head_detect_seg016,7.0,11,22,0.4091
head_detect_seg016,8.0,11,19,0.4737
head_detect_seg016,9.0,13,26,0.5000
head_detect_seg016,10.0,13,26,0.4615
head_detect_seg016,11.0,13,25,0.4800
head_detect_seg016,12.0,12,23,0.4783
head_detect_seg016,13.0,14,23,0.6087
head_detect_seg016,14.0,12,24,0.5000
head_detect_seg016,15.0,12,25,0.4800
head_detect_seg016,16.0,13,27,0.4444
head_detect_seg016,17.0,13,24,0.5000
head_detect_seg016,18.0,11,26,0.4231
head_detect_seg016,19.0,14,24,0.5833
head_detect_seg016,20.0,12,25,0.4800
head_detect_seg016,21.0,11,25,0.4400
head_detect_seg016,22.0,11,23,0.4783
head_detect_seg016,23.0,10,25,0.4000
head_detect_seg016,24.0,11,24,0.4583
head_detect_seg016,25.0,9,25,0.3600
head_detect_seg016,26.0,8,22,0.3636
head_detect_seg016,27.0,9,24,0.3750
head_detect_seg016,28.0,13,26,0.5000
head_detect_seg016,29.0,11,26,0.4231
head_detect_seg016,30.0,7,26,0.2692
head_detect_seg016,31.0,10,25,0.3600
head_detect_seg016,32.0,10,26,0.3462
head_detect_seg016,33.0,10,26,0.3846
head_detect_seg016,34.0,11,30,0.3000
head_detect_seg016,35.0,11,30,0.3667
head_detect_seg016,36.0,12,26,0.4231
head_detect_seg016,37.0,10,24,0.3750
head_detect_seg016,38.0,11,26,0.3846
head_detect_seg016,39.0,12,25,0.4400
head_detect_seg016,40.0,12,23,0.3913
head_detect_seg016,41.0,13,24,0.5417
head_detect_seg016,42.0,15,22,0.6818
head_detect_seg016,43.0,14,21,0.5714
head_detect_seg016,44.0,9,22,0.3636
head_detect_seg016,45.0,9,22,0.4091
head_detect_seg016,46.0,11,23,0.4783
head_detect_seg016,47.0,12,20,0.6000
head_detect_seg016,48.0,15,27,0.5556
head_detect_seg016,49.0,14,21,0.5714
head_detect_seg016,50.1,18,23,0.6957
head_detect_seg016,51.1,14,22,0.6364
head_detect_seg016,52.1,13,23,0.5217
head_detect_seg016,53.1,15,23,0.6522
head_detect_seg016,54.1,15,22,0.6364
head_detect_seg016,55.1,13,21,0.5714
head_detect_seg016,56.1,15,23,0.6087
head_detect_seg016,57.1,13,20,0.6500
head_detect_seg016,58.1,14,22,0.5909
head_detect_seg016,59.1,14,22,0.6364
head_detect_seg016,60.1,14,22,0.6364
head_detect_seg016,61.1,17,21,0.7143
head_detect_seg016,62.1,20,19,0.8947
head_detect_seg016,63.1,19,23,0.7826
head_detect_seg016,64.1,18,24,0.7083
head_detect_seg016,65.1,16,25,0.6000
head_detect_seg016,66.1,17,23,0.6957
head_detect_seg016,67.1,16,23,0.6087
head_detect_seg016,68.1,17,23,0.7391
head_detect_seg016,69.1,14,23,0.6087
head_detect_seg016,70.1,9,22,0.3636
head_detect_seg016,71.1,12,25,0.4400
head_detect_seg016,72.1,13,22,0.5909
head_detect_seg016,73.1,6,23,0.2609
head_detect_seg016,74.1,8,22,0.3636
head_detect_seg016,75.1,15,22,0.6818
head_detect_seg016,76.1,13,22,0.5909
head_detect_seg016,77.1,8,24,0.3333
head_detect_seg016,78.1,12,21,0.4762
head_detect_seg016,79.1,14,23,0.5652
head_detect_seg016,80.1,11,24,0.4583
head_detect_seg016,81.1,11,21,0.4762
head_detect_seg016,82.1,13,23,0.5652
head_detect_seg016,83.1,7,23,0.3043
head_detect_seg016,84.1,11,24,0.4167
head_detect_seg016,85.1,10,24,0.3750
head_detect_seg016,86.1,16,25,0.6400
head_detect_seg016,87.1,13,24,0.5000
head_detect_seg016,88.1,13,24,0.5417
head_detect_seg016,89.1,13,25,0.5200
head_detect_seg016,90.1,10,23,0.4348
head_detect_seg016,91.1,10,23,0.4348
head_detect_seg016,92.1,10,23,0.4348
head_detect_seg016,93.1,13,25,0.4400
head_detect_seg016,94.1,11,24,0.4583
head_detect_seg016,95.1,13,25,0.4800
head_detect_seg016,96.1,9,25,0.3600
head_detect_seg016,97.1,13,25,0.4800
head_detect_seg016,98.1,10,25,0.4000
head_detect_seg016,99.1,11,22,0.4545
head_detect_seg016,100.1,12,23,0.4348
head_detect_seg016,101.1,9,25,0.3200
head_detect_seg016,102.1,8,22,0.3636
head_detect_seg016,103.1,11,27,0.4074
head_detect_seg016,104.1,9,25,0.3600
head_detect_seg016,105.1,10,28,0.3571
head_detect_seg016,106.1,7,29,0.2414
head_detect_seg016,107.1,7,30,0.2000
head_detect_seg016,108.1,4,29,0.1379
head_detect_seg016,109.1,5,29,0.1724
head_detect_seg016,110.1,4,28,0.1429
head_detect_seg016,111.1,6,30,0.2000
head_detect_seg016,112.1,8,24,0.3333
head_detect_seg016,113.1,7,26,0.2692
head_detect_seg016,114.1,7,24,0.2917
head_detect_seg016,115.1,7,25,0.2400
head_detect_seg016,116.1,5,26,0.1154
head_detect_seg017,0.0,6,31,0.1935
head_detect_seg017,1.0,8,29,0.2414
head_detect_seg017,2.0,5,26,0.1923
head_detect_seg017,3.0,7,28,0.2500
head_detect_seg017,4.0,5,26,0.1923
head_detect_seg017,5.0,7,24,0.2500
head_detect_seg017,6.0,6,25,0.2400
head_detect_seg017,7.0,9,22,0.3636
head_detect_seg017,8.0,9,23,0.3913
head_detect_seg017,9.0,8,25,0.3200
head_detect_seg017,10.0,9,24,0.3333
head_detect_seg017,11.0,8,27,0.2593
head_detect_seg017,12.0,6,23,0.2174
head_detect_seg017,13.0,6,23,0.2609
head_detect_seg017,14.0,8,23,0.3043
head_detect_seg017,15.0,8,23,0.3478
head_detect_seg017,16.0,8,22,0.3636
head_detect_seg017,17.0,7,23,0.3043
head_detect_seg017,18.0,6,23,0.2609
head_detect_seg017,19.0,7,29,0.2414
head_detect_seg017,20.0,10,26,0.3846
head_detect_seg017,21.0,10,26,0.3462
head_detect_seg017,22.0,11,25,0.4000
head_detect_seg017,23.0,9,24,0.3750
head_detect_seg017,24.0,7,28,0.2500
head_detect_seg017,25.0,9,30,0.2667
head_detect_seg017,26.0,10,26,0.3462
head_detect_seg017,27.0,9,24,0.3750
head_detect_seg017,28.0,12,25,0.4400
head_detect_seg017,29.0,10,26,0.3846
head_detect_seg017,30.0,6,25,0.2400
head_detect_seg017,31.0,5,21,0.2381
head_detect_seg017,32.0,7,24,0.2917
head_detect_seg017,33.0,10,24,0.4167
head_detect_seg017,34.0,9,23,0.3478
head_detect_seg017,35.0,11,25,0.4400
head_detect_seg017,36.0,9,27,0.2963
head_detect_seg017,37.0,6,26,0.2308
head_detect_seg017,38.0,9,22,0.4091
head_detect_seg017,39.0,10,25,0.4000
head_detect_seg017,40.0,12,28,0.4286
head_detect_seg017,41.0,9,24,0.3750
head_detect_seg017,42.0,11,26,0.3846
head_detect_seg017,43.0,11,26,0.4231
head_detect_seg017,44.0,10,26,0.3462
head_detect_seg017,45.0,13,27,0.4444
head_detect_seg017,46.0,10,24,0.4167
head_detect_seg017,47.0,13,22,0.5000
head_detect_seg017,48.0,13,22,0.5909
head_detect_seg017,49.0,14,20,0.7000
head_detect_seg017,50.1,12,21,0.5714
head_detect_seg017,51.1,12,24,0.5000
head_detect_seg017,52.1,14,23,0.5652
head_detect_seg017,53.1,17,24,0.6667
head_detect_seg017,54.1,14,23,0.6087
head_detect_seg017,55.1,12,24,0.4583
head_detect_seg017,56.1,7,25,0.2800
head_detect_seg017,57.1,6,26,0.2308
head_detect_seg017,58.1,5,26,0.1923
head_detect_seg017,59.1,7,23,0.3043
head_detect_seg017,60.1,10,26,0.3846
head_detect_seg017,61.1,14,24,0.5000
head_detect_seg017,62.1,11,25,0.4000
head_detect_seg017,63.1,12,27,0.4074
head_detect_seg017,64.1,8,28,0.2857
head_detect_seg017,65.1,10,29,0.3448
head_detect_seg017,66.1,10,27,0.3704
head_detect_seg017,67.1,10,27,0.3704
head_detect_seg017,68.1,5,27,0.1852
head_detect_seg017,69.1,8,28,0.2857
head_detect_seg017,70.1,10,27,0.3704
head_detect_seg017,71.1,10,28,0.3571
head_detect_seg017,72.1,9,26,0.3462
head_detect_seg017,73.1,8,24,0.3333
head_detect_seg017,74.1,10,26,0.3846
head_detect_seg017,75.1,6,22,0.2273
head_detect_seg017,76.1,7,23,0.2609
head_detect_seg017,77.1,8,23,0.3043
head_detect_seg017,78.1,9,22,0.3636
head_detect_seg017,79.1,10,22,0.4091
head_detect_seg017,80.1,12,21,0.4286
head_detect_seg017,81.1,9,24,0.3750
head_detect_seg017,82.1,10,22,0.4545
head_detect_seg017,83.1,11,21,0.4762
head_detect_seg017,84.1,9,22,0.4091
head_detect_seg017,85.1,9,24,0.3750
head_detect_seg017,86.1,11,23,0.4783
head_detect_seg017,87.1,9,24,0.3750
head_detect_seg017,88.1,9,23,0.3478
head_detect_seg017,89.1,10,24,0.4167
head_detect_seg017,90.1,9,24,0.3333
head_detect_seg017,91.1,14,24,0.5000
head_detect_seg017,92.1,9,24,0.3333
head_detect_seg017,93.1,8,23,0.3478
head_detect_seg017,94.1,10,26,0.3846
head_detect_seg017,95.1,9,26,0.3462
head_detect_seg017,96.1,9,25,0.3200
head_detect_seg017,97.1,9,22,0.4091
head_detect_seg017,98.1,10,23,0.4348
head_detect_seg017,99.1,7,24,0.2917
head_detect_seg017,100.1,7,25,0.2800
head_detect_seg017,101.1,8,27,0.2963
head_detect_seg017,102.1,10,24,0.3750
head_detect_seg017,103.1,8,24,0.2917
head_detect_seg017,104.1,10,22,0.3636
head_detect_seg017,105.1,10,21,0.4762
head_detect_seg017,106.1,12,22,0.5455
head_detect_seg017,107.1,8,23,0.3478
head_detect_seg017,108.1,10,24,0.4167
head_detect_seg017,109.1,9,22,0.4091
head_detect_seg017,110.1,14,23,0.4783
head_detect_seg017,111.1,9,22,0.4091
head_detect_seg017,112.1,8,21,0.3810
head_detect_seg017,113.1,9,22,0.4091
head_detect_seg017,114.1,9,24,0.3750
head_detect_seg017,115.1,7,23,0.3043
head_detect_seg017,116.1,8,24,0.3333
head_detect_seg018,0.0,12,23,0.3913
head_detect_seg018,1.0,14,23,0.4348
head_detect_seg018,2.0,11,24,0.3750
head_detect_seg018,3.0,13,23,0.4783
head_detect_seg018,4.0,11,21,0.4286
head_detect_seg018,5.0,11,23,0.4348
head_detect_seg018,6.0,13,27,0.4074
head_detect_seg018,7.0,11,26,0.3846
head_detect_seg018,8.0,10,26,0.3462
head_detect_seg018,9.0,10,27,0.3333
head_detect_seg018,10.0,11,25,0.4400
head_detect_seg018,11.0,9,29,0.3103
head_detect_seg018,12.0,9,23,0.3913
head_detect_seg018,13.0,7,23,0.3043
head_detect_seg018,14.0,9,25,0.3200
head_detect_seg018,15.0,8,23,0.3478
head_detect_seg018,16.0,8,22,0.3636
head_detect_seg018,17.0,8,26,0.3077
head_detect_seg018,18.0,8,24,0.3333
head_detect_seg018,19.0,9,20,0.4500
head_detect_seg018,20.0,8,22,0.3636
head_detect_seg018,21.0,10,24,0.3750
head_detect_seg018,22.0,10,27,0.3333
head_detect_seg018,23.0,10,27,0.3333
head_detect_seg018,24.0,9,26,0.3462
head_detect_seg018,25.0,11,26,0.3846
head_detect_seg018,26.0,10,26,0.3462
head_detect_seg018,27.0,14,26,0.5000
head_detect_seg018,28.0,9,28,0.3214
head_detect_seg018,29.0,13,25,0.4800
head_detect_seg018,30.0,11,28,0.3571
head_detect_seg018,31.0,9,27,0.3333
head_detect_seg018,32.0,10,24,0.3750
head_detect_seg018,33.0,8,25,0.3200
head_detect_seg018,34.0,8,27,0.2593
head_detect_seg018,35.0,9,27,0.2963
head_detect_seg018,36.0,9,23,0.3478
head_detect_seg018,37.0,11,29,0.3448
head_detect_seg018,38.0,12,27,0.4074
head_detect_seg018,39.0,10,27,0.3704
head_detect_seg018,40.0,10,27,0.3704
head_detect_seg018,41.0,12,27,0.3704
head_detect_seg018,42.0,10,28,0.3571
head_detect_seg018,43.0,11,26,0.4231
head_detect_seg018,44.0,7,22,0.2727
head_detect_seg018,45.0,10,24,0.4167
head_detect_seg018,46.0,10,22,0.4545
head_detect_seg018,47.0,11,31,0.3226
head_detect_seg018,48.0,9,26,0.3462
head_detect_seg018,49.0,9,25,0.3600
head_detect_seg018,50.1,12,27,0.4444
head_detect_seg018,51.1,11,26,0.4231
head_detect_seg018,52.1,9,25,0.3600
head_detect_seg018,53.1,10,28,0.3571
head_detect_seg018,54.1,13,28,0.4286
head_detect_seg018,55.1,11,27,0.4074
head_detect_seg018,56.1,12,27,0.4444
head_detect_seg018,57.1,12,26,0.4231
head_detect_seg018,58.1,13,29,0.3448
head_detect_seg018,59.1,11,23,0.3913
head_detect_seg018,60.1,10,23,0.3913
head_detect_seg018,61.1,11,26,0.3846
head_detect_seg018,62.1,13,23,0.5217
head_detect_seg018,63.1,11,26,0.4231
head_detect_seg018,64.1,12,21,0.5714
head_detect_seg018,65.1,12,23,0.4783
head_detect_seg018,66.1,9,20,0.4500
head_detect_seg018,67.1,13,23,0.4783
head_detect_seg018,68.1,9,27,0.2963
head_detect_seg018,69.1,8,22,0.3636
head_detect_seg018,70.1,10,27,0.3704
head_detect_seg018,71.1,10,27,0.3704
head_detect_seg018,72.1,9,26,0.3462
head_detect_seg018,73.1,7,25,0.2800
head_detect_seg018,74.1,7,24,0.2917
head_detect_seg018,75.1,9,22,0.4091
head_detect_seg018,76.1,8,22,0.3636
head_detect_seg018,77.1,6,20,0.3000
head_detect_seg018,78.1,8,19,0.3684
head_detect_seg018,79.1,9,22,0.3182
head_detect_seg018,80.1,8,22,0.3636
head_detect_seg018,81.1,6,27,0.2222
head_detect_seg018,82.1,8,25,0.3200
head_detect_seg018,83.1,7,25,0.2800
head_detect_seg018,84.1,7,25,0.2800
head_detect_seg018,85.1,5,24,0.2083
head_detect_seg018,86.1,8,26,0.2692
head_detect_seg018,87.1,9,25,0.3200
head_detect_seg018,88.1,10,28,0.3571
head_detect_seg018,89.1,10,25,0.4000
head_detect_seg018,90.1,9,20,0.4500
head_detect_seg018,91.1,13,26,0.5000
head_detect_seg018,92.1,12,24,0.5000
head_detect_seg018,93.1,14,25,0.4800
head_detect_seg018,94.1,13,24,0.5000
head_detect_seg018,95.1,13,23,0.5217
head_detect_seg018,96.1,11,25,0.4400
head_detect_seg018,97.1,11,25,0.4000
head_detect_seg018,98.1,12,23,0.5217
head_detect_seg018,99.1,12,27,0.4444
head_detect_seg018,100.1,14,27,0.4444
head_detect_seg018,101.1,13,26,0.4615
head_detect_seg018,102.1,10,25,0.3600
head_detect_seg018,103.1,11,24,0.4167
head_detect_seg018,104.1,12,24,0.4583
head_detect_seg018,105.1,11,22,0.5000
head_detect_seg018,106.1,13,28,0.4643
head_detect_seg018,107.1,15,24,0.5833
head_detect_seg018,108.1,12,24,0.4583
head_detect_seg018,109.1,15,31,0.4839
head_detect_seg018,110.1,14,29,0.4828
head_detect_seg018,111.1,13,24,0.5417
head_detect_seg018,112.1,14,29,0.4828
head_detect_seg018,113.1,12,24,0.5000
head_detect_seg018,114.1,11,22,0.4545
head_detect_seg018,115.1,12,26,0.4615
head_detect_seg018,116.1,13,24,0.5000
head_detect_seg018,117.1,11,24,0.4583
head_detect_seg018,118.1,11,23,0.4783
head_detect_seg018,119.1,10,26,0.3846
head_detect_seg018,120.1,12,26,0.4615
head_detect_seg018,121.1,12,25,0.4800
head_detect_seg018,122.1,13,24,0.5000
head_detect_seg018,123.1,13,23,0.5652
head_detect_seg018,124.1,14,22,0.5909
head_detect_seg019,0.0,7,22,0.3182
head_detect_seg019,1.0,6,19,0.3158
head_detect_seg019,2.0,6,19,0.3158
head_detect_seg019,3.0,5,20,0.2500
head_detect_seg019,4.0,9,26,0.3462
head_detect_seg019,5.0,5,22,0.2273
head_detect_seg019,6.0,6,23,0.2609
head_detect_seg019,7.0,7,24,0.2917
head_detect_seg019,8.0,9,19,0.4737
head_detect_seg019,9.0,9,24,0.3750
head_detect_seg019,10.0,12,25,0.3600
head_detect_seg019,11.0,10,21,0.3333
head_detect_seg019,12.0,8,23,0.3043
head_detect_seg019,13.0,7,22,0.2727
head_detect_seg019,14.0,9,23,0.3478
head_detect_seg019,15.0,10,27,0.3333
head_detect_seg019,16.0,11,28,0.3571
head_detect_seg019,17.0,14,27,0.4815
head_detect_seg019,18.0,15,26,0.5385
head_detect_seg019,19.0,11,26,0.4231
head_detect_seg019,20.0,15,22,0.5909
head_detect_seg019,21.0,15,22,0.6818
head_detect_seg019,22.0,20,23,0.7826
head_detect_seg019,23.0,11,26,0.3846
head_detect_seg019,24.0,14,24,0.5417
head_detect_seg019,25.0,12,25,0.4400
head_detect_seg019,26.0,12,25,0.4400
head_detect_seg019,27.0,11,25,0.4400
head_detect_seg019,28.0,14,25,0.5200
head_detect_seg019,29.0,14,26,0.5000
head_detect_seg019,30.0,12,25,0.4800
head_detect_seg019,31.0,10,25,0.4000
head_detect_seg019,32.0,8,25,0.3200
head_detect_seg019,33.0,12,24,0.5000
head_detect_seg019,34.0,11,26,0.4231
head_detect_seg019,35.0,15,24,0.5833
head_detect_seg019,36.0,17,24,0.6667
head_detect_seg019,37.0,13,23,0.5217
head_detect_seg019,38.0,11,23,0.4783
head_detect_seg019,39.0,12,25,0.4800
head_detect_seg019,40.0,12,24,0.4583
head_detect_seg019,41.0,12,21,0.4286
head_detect_seg019,42.0,10,23,0.4348
head_detect_seg019,43.0,12,19,0.5789
head_detect_seg019,44.0,13,19,0.6316
head_detect_seg019,45.0,13,21,0.6190
head_detect_seg019,46.0,13,19,0.5789
head_detect_seg019,47.0,9,22,0.3182
head_detect_seg019,48.0,11,23,0.4783
head_detect_seg019,49.0,12,22,0.5000
head_detect_seg019,50.1,13,26,0.4615
head_detect_seg019,51.1,12,22,0.4545
head_detect_seg019,52.1,14,22,0.5000
head_detect_seg019,53.1,15,25,0.4400
head_detect_seg019,54.1,15,24,0.5000
head_detect_seg019,55.1,16,24,0.5833
head_detect_seg019,56.1,10,24,0.4167
head_detect_seg019,57.1,12,22,0.4545
head_detect_seg019,58.1,13,22,0.5455
head_detect_seg019,59.1,12,22,0.4545
head_detect_seg019,60.1,15,23,0.5652
head_detect_seg019,61.1,14,22,0.5909
head_detect_seg019,62.1,13,22,0.5455
head_detect_seg019,63.1,15,24,0.5417
head_detect_seg019,64.1,17,24,0.6667
head_detect_seg019,65.1,17,25,0.6000
head_detect_seg019,66.1,20,25,0.6800
head_detect_seg019,67.1,15,25,0.5200
head_detect_seg019,68.1,14,23,0.5217
head_detect_seg019,69.1,14,24,0.5000
head_detect_seg019,70.1,14,25,0.5200
head_detect_seg019,71.1,15,25,0.6000
head_detect_seg019,72.1,12,24,0.4583
head_detect_seg019,73.1,13,25,0.5200
head_detect_seg019,74.1,13,25,0.5200
head_detect_seg019,75.1,13,25,0.5200
head_detect_seg019,76.1,16,26,0.6154
head_detect_seg019,77.1,10,22,0.4545
head_detect_seg019,78.1,9,23,0.3478
head_detect_seg019,79.1,11,24,0.4583
head_detect_seg019,80.1,11,24,0.4583
head_detect_seg019,81.1,14,24,0.5833
head_detect_seg019,82.1,11,21,0.5238
head_detect_seg019,83.1,10,21,0.4762
head_detect_seg019,84.1,10,23,0.4348
head_detect_seg019,85.1,11,27,0.4074
head_detect_seg019,86.1,15,26,0.5385
head_detect_seg019,87.1,13,27,0.4444
head_detect_seg019,88.1,15,28,0.4286
head_detect_seg019,89.1,18,28,0.5714
head_detect_seg019,90.1,12,23,0.4783
head_detect_seg019,91.1,14,24,0.5000
head_detect_seg019,92.1,13,27,0.4815
head_detect_seg019,93.1,15,23,0.6087
head_detect_seg019,94.1,13,23,0.5652
head_detect_seg019,95.1,14,23,0.6087
head_detect_seg019,96.1,12,26,0.4615
head_detect_seg019,97.1,15,25,0.6000
head_detect_seg019,98.1,13,27,0.4815
head_detect_seg019,99.1,15,27,0.5556
head_detect_seg019,100.1,13,24,0.5417
head_detect_seg019,101.1,14,23,0.6087
head_detect_seg019,102.1,11,23,0.4783
head_detect_seg019,103.1,12,24,0.5000
head_detect_seg019,104.1,12,24,0.5000
head_detect_seg019,105.1,14,26,0.5385
head_detect_seg019,106.1,15,25,0.5600
head_detect_seg019,107.1,14,24,0.5417
head_detect_seg019,108.1,13,26,0.5000
head_detect_seg019,109.1,10,22,0.4091
head_detect_seg019,110.1,12,22,0.5000
head_detect_seg019,111.1,12,22,0.5000
head_detect_seg019,112.1,9,24,0.3750
head_detect_seg019,113.1,9,23,0.3913
head_detect_seg019,114.1,10,19,0.4737
head_detect_seg019,115.1,10,22,0.4091
head_detect_seg019,116.1,10,19,0.4737
head_detect_seg020,0.0,7,21,0.3333
head_detect_seg020,1.0,10,20,0.5000
head_detect_seg020,2.0,13,22,0.5909
head_detect_seg020,3.0,12,25,0.4000
head_detect_seg020,4.0,13,23,0.5217
head_detect_seg020,5.0,13,24,0.4583
head_detect_seg020,6.0,13,25,0.4800
head_detect_seg020,7.0,12,23,0.4783
head_detect_seg020,8.0,14,24,0.4583
head_detect_seg020,9.0,11,25,0.4400
head_detect_seg020,10.0,9,23,0.3043
head_detect_seg020,11.0,12,23,0.4783
head_detect_seg020,12.0,14,25,0.4800
head_detect_seg020,13.0,15,20,0.6000
head_detect_seg020,14.0,13,23,0.4783
head_detect_seg020,15.0,13,24,0.5000
head_detect_seg020,16.0,11,26,0.4231
head_detect_seg020,17.0,13,24,0.4583
head_detect_seg020,18.0,11,24,0.4583
head_detect_seg020,19.0,13,27,0.4444
head_detect_seg020,20.0,9,27,0.3333
head_detect_seg020,21.0,12,23,0.5217
head_detect_seg020,22.0,14,25,0.5600
head_detect_seg020,23.0,13,25,0.5200
head_detect_seg020,24.0,12,24,0.5000
head_detect_seg020,25.0,13,23,0.5652
head_detect_seg020,26.0,12,20,0.5500
head_detect_seg020,27.0,17,22,0.6818
head_detect_seg020,28.0,11,20,0.5500
head_detect_seg020,29.0,19,22,0.7727
head_detect_seg020,30.0,14,23,0.6087
head_detect_seg020,31.0,14,25,0.5600
head_detect_seg020,32.0,13,24,0.4583
head_detect_seg020,33.0,10,23,0.3913
head_detect_seg020,34.0,12,23,0.5217
head_detect_seg020,35.0,13,24,0.5417
head_detect_seg020,36.0,14,24,0.5833
head_detect_seg020,37.0,16,23,0.6957
head_detect_seg020,38.0,14,25,0.5600
head_detect_seg020,39.0,14,25,0.5600
head_detect_seg020,40.0,15,22,0.6364
head_detect_seg020,41.0,12,22,0.5000
head_detect_seg020,42.0,11,23,0.4783
head_detect_seg020,43.0,11,22,0.4545
head_detect_seg020,44.0,9,24,0.3750
head_detect_seg020,45.0,11,22,0.4545
head_detect_seg020,46.0,11,25,0.4000
head_detect_seg020,47.0,11,25,0.4400
head_detect_seg020,48.0,13,27,0.4815
head_detect_seg020,49.0,15,27,0.4815
head_detect_seg020,50.1,10,25,0.4000
head_detect_seg020,51.1,8,27,0.2963
head_detect_seg020,52.1,9,29,0.3103
head_detect_seg020,53.1,9,28,0.3214
head_detect_seg020,54.1,9,29,0.3103
head_detect_seg020,55.1,13,31,0.4194
head_detect_seg020,56.1,14,29,0.4828
head_detect_seg020,57.1,11,25,0.4400
head_detect_seg020,58.1,13,26,0.4615
head_detect_seg020,59.1,13,25,0.4400
head_detect_seg020,60.1,11,24,0.4167
head_detect_seg020,61.1,14,24,0.5417
head_detect_seg020,62.1,10,25,0.4000
head_detect_seg020,63.1,10,26,0.3846
head_detect_seg020,64.1,10,24,0.3750
head_detect_seg020,65.1,10,24,0.4167
head_detect_seg020,66.1,12,24,0.5000
head_detect_seg020,67.1,12,24,0.5000
head_detect_seg020,68.1,15,24,0.5833
head_detect_seg020,69.1,13,22,0.5909
head_detect_seg020,70.1,17,23,0.6957
head_detect_seg020,71.1,16,24,0.5833
head_detect_seg020,72.1,18,23,0.6957
head_detect_seg020,73.1,18,26,0.6538
head_detect_seg020,74.1,15,25,0.5600
head_detect_seg020,75.1,12,24,0.4583
head_detect_seg020,76.1,13,26,0.4615
head_detect_seg020,77.1,13,26,0.4615
head_detect_seg020,78.1,11,25,0.4400
head_detect_seg020,79.1,11,26,0.3462
head_detect_seg020,80.1,12,22,0.5000
head_detect_seg020,81.1,16,25,0.6000
head_detect_seg020,82.1,17,26,0.6154
head_detect_seg020,83.1,16,24,0.6250
head_detect_seg020,84.1,15,25,0.5600
head_detect_seg020,85.1,15,22,0.5909
head_detect_seg020,86.1,14,23,0.5652
head_detect_seg020,87.1,15,26,0.5385
head_detect_seg020,88.1,10,25,0.4000
head_detect_seg020,89.1,12,21,0.5714
head_detect_seg020,90.1,12,22,0.5455
head_detect_seg020,91.1,16,23,0.5217
head_detect_seg020,92.1,17,21,0.7143
head_detect_seg020,93.1,13,24,0.5417
head_detect_seg020,94.1,12,24,0.5000
head_detect_seg020,95.1,14,23,0.6087
head_detect_seg020,96.1,14,26,0.5385
head_detect_seg020,97.1,14,26,0.5000
head_detect_seg020,98.1,13,25,0.5200
head_detect_seg020,99.1,13,27,0.4444
head_detect_seg020,100.1,11,26,0.3462
head_detect_seg020,101.1,15,26,0.5000
head_detect_seg020,102.1,13,24,0.5000
head_detect_seg020,103.1,14,21,0.5714
head_detect_seg020,104.1,13,21,0.6190
head_detect_seg020,105.1,14,25,0.5600
head_detect_seg020,106.1,13,21,0.5714
head_detect_seg020,107.1,12,21,0.5238
head_detect_seg020,108.1,13,21,0.5714
head_detect_seg020,109.1,10,23,0.4348
head_detect_seg020,110.1,13,28,0.4643
head_detect_seg020,111.1,13,28,0.4643
head_detect_seg020,112.1,14,27,0.5185
head_detect_seg020,113.1,13,27,0.4815
head_detect_seg020,114.1,14,27,0.5185
head_detect_seg020,115.1,12,29,0.4138
head_detect_seg020,116.1,15,24,0.5833
head_detect_seg020,117.1,12,25,0.4800
head_detect_seg020,118.1,14,25,0.5600
head_detect_seg020,119.1,12,25,0.4800
head_detect_seg020,120.1,11,26,0.4231
head_detect_seg020,121.1,12,25,0.4800
head_detect_seg020,122.1,11,28,0.3929
head_detect_seg020,123.1,14,27,0.4444
head_detect_seg020,124.1,10,27,0.3704
head_detect_seg021,0.0,11,24,0.4167
head_detect_seg021,1.0,13,26,0.5000
head_detect_seg021,2.0,10,24,0.4167
head_detect_seg021,3.0,10,24,0.4167
head_detect_seg021,4.0,11,24,0.4583
head_detect_seg021,5.0,12,24,0.5000
head_detect_seg021,6.0,11,22,0.4545
head_detect_seg021,7.0,8,21,0.2857
head_detect_seg021,8.0,7,21,0.2857
head_detect_seg021,9.0,11,20,0.4500
head_detect_seg021,10.0,8,24,0.3333
head_detect_seg021,11.0,5,21,0.2381
head_detect_seg021,12.0,7,19,0.2632
head_detect_seg021,13.0,7,19,0.3158
head_detect_seg021,14.0,5,20,0.2500
head_detect_seg021,15.0,7,21,0.3333
head_detect_seg021,16.0,6,21,0.2857
head_detect_seg021,17.0,7,23,0.3043
head_detect_seg021,18.0,7,21,0.2857
head_detect_seg021,19.0,7,21,0.2857
head_detect_seg021,20.0,10,23,0.3043
head_detect_seg021,21.0,9,22,0.4091
head_detect_seg021,22.0,10,21,0.4762
head_detect_seg021,23.0,11,23,0.4783
head_detect_seg021,24.0,11,22,0.5000
head_detect_seg021,25.0,8,21,0.3810
head_detect_seg021,26.0,10,21,0.4286
head_detect_seg021,27.0,13,22,0.5455
head_detect_seg021,28.0,11,22,0.4545
head_detect_seg021,29.0,10,22,0.4091
head_detect_seg021,30.0,14,25,0.4800
head_detect_seg021,31.0,13,25,0.4800
head_detect_seg021,32.0,11,25,0.4000
head_detect_seg021,33.0,8,25,0.3200
head_detect_seg021,34.0,5,24,0.2083
head_detect_seg021,35.0,3,24,0.1250
head_detect_seg021,36.0,7,24,0.2917
head_detect_seg021,37.0,12,24,0.5000
head_detect_seg021,38.0,13,24,0.4583
head_detect_seg021,39.0,16,27,0.5556
head_detect_seg021,40.0,12,24,0.5000
head_detect_seg021,41.0,17,25,0.6000
head_detect_seg021,42.0,13,22,0.5000
head_detect_seg021,43.0,13,27,0.4444
head_detect_seg021,44.0,15,25,0.5600
head_detect_seg021,45.0,12,28,0.4286
head_detect_seg021,46.0,15,25,0.6000
head_detect_seg021,47.0,14,25,0.5600
head_detect_seg021,48.0,10,26,0.3846
head_detect_seg021,49.0,8,18,0.4444
head_detect_seg021,50.1,13,21,0.6190
head_detect_seg021,51.1,10,19,0.5263
head_detect_seg021,52.1,10,21,0.4286
head_detect_seg021,53.1,12,24,0.5000
head_detect_seg021,54.1,15,24,0.6250
head_detect_seg021,55.1,15,24,0.5833
head_detect_seg021,56.1,17,24,0.6667
head_detect_seg021,57.1,14,23,0.6087
head_detect_seg021,58.1,16,22,0.6818
head_detect_seg021,59.1,17,26,0.6154
head_detect_seg021,60.1,14,24,0.5833
head_detect_seg021,61.1,13,22,0.5455
head_detect_seg021,62.1,12,23,0.5217
head_detect_seg021,63.1,15,20,0.6500
head_detect_seg021,64.1,16,22,0.6818
head_detect_seg021,65.1,3,6,0.5000
head_detect_seg021,66.1,0,0,0.0000
head_detect_seg021,67.1,1,1,0.0000
